[0.010s] Invoking command in '/home/piotr/ros2_ws/build/mycobot_ros2': CMAKE_PREFIX_PATH=/home/piotr/ros2_ws/install/mycobot_system_tests:/home/piotr/ros2_ws/install/mycobot_moveit_config:/home/piotr/ros2_ws/install/mycobot_gazebo:/home/piotr/ros2_ws/install/mycobot_description:/home/piotr/ros2_ws/install/mycobot_bringup:/home/piotr/ros2_ws/install/yahboom_rosmaster:/home/piotr/ros2_ws/install/yahboom_rosmaster_description:/home/piotr/ros2_ws/install/mycobot_ros2:/opt/ros/jazzy/opt/gz_sim_vendor:/opt/ros/jazzy/opt/gz_sensors_vendor:/opt/ros/jazzy/opt/gz_physics_vendor:/opt/ros/jazzy/opt/sdformat_vendor:/opt/ros/jazzy/opt/gz_gui_vendor:/opt/ros/jazzy/opt/gz_transport_vendor:/opt/ros/jazzy/opt/gz_rendering_vendor:/opt/ros/jazzy/opt/gz_plugin_vendor:/opt/ros/jazzy/opt/gz_fuel_tools_vendor:/opt/ros/jazzy/opt/gz_msgs_vendor:/opt/ros/jazzy/opt/gz_common_vendor:/opt/ros/jazzy/opt/gz_math_vendor:/opt/ros/jazzy/opt/gz_utils_vendor:/opt/ros/jazzy/opt/gz_tools_vendor:/opt/ros/jazzy/opt/gz_ogre_next_vendor:/opt/ros/jazzy/opt/gz_dartsim_vendor:/opt/ros/jazzy/opt/gz_cmake_vendor:/opt/ros/jazzy DEBUGINFOD_URLS=https://debuginfod.ubuntu.com /usr/bin/cmake /home/piotr/ros2_ws/src/mycobot_ros2/mycobot_ros2 -DCMAKE_INSTALL_PREFIX=/home/piotr/ros2_ws/install/mycobot_ros2
[0.054s] -- The C compiler identification is GNU 13.3.0
[0.098s] -- The CXX compiler identification is GNU 13.3.0
[0.114s] -- Detecting C compiler ABI info
[0.195s] -- Detecting C compiler ABI info - done
[0.200s] -- Check for working C compiler: /usr/bin/cc - skipped
[0.200s] -- Detecting C compile features
[0.200s] -- Detecting C compile features - done
[0.209s] -- Detecting CXX compiler ABI info
[0.296s] -- Detecting CXX compiler ABI info - done
[0.302s] -- Check for working CXX compiler: /usr/bin/c++ - skipped
[0.303s] -- Detecting CXX compile features
[0.303s] -- Detecting CXX compile features - done
[0.307s] -- Found ament_cmake: 2.5.5 (/opt/ros/jazzy/share/ament_cmake/cmake)
[0.425s] -- Found Python3: /usr/bin/python3 (found version "3.12.3") found components: Interpreter 
[0.517s] -- Found ament_lint_auto: 0.17.4 (/opt/ros/jazzy/share/ament_lint_auto/cmake)
[0.595s] -- Added test 'lint_cmake' to check CMake code style
[0.596s] -- Added test 'xmllint' to check XML markup files
[0.597s] -- Configuring done (0.6s)
[0.600s] -- Generating done (0.0s)
[0.601s] -- Build files have been written to: /home/piotr/ros2_ws/build/mycobot_ros2
[0.609s] Invoked command in '/home/piotr/ros2_ws/build/mycobot_ros2' returned '0': CMAKE_PREFIX_PATH=/home/piotr/ros2_ws/install/mycobot_system_tests:/home/piotr/ros2_ws/install/mycobot_moveit_config:/home/piotr/ros2_ws/install/mycobot_gazebo:/home/piotr/ros2_ws/install/mycobot_description:/home/piotr/ros2_ws/install/mycobot_bringup:/home/piotr/ros2_ws/install/yahboom_rosmaster:/home/piotr/ros2_ws/install/yahboom_rosmaster_description:/home/piotr/ros2_ws/install/mycobot_ros2:/opt/ros/jazzy/opt/gz_sim_vendor:/opt/ros/jazzy/opt/gz_sensors_vendor:/opt/ros/jazzy/opt/gz_physics_vendor:/opt/ros/jazzy/opt/sdformat_vendor:/opt/ros/jazzy/opt/gz_gui_vendor:/opt/ros/jazzy/opt/gz_transport_vendor:/opt/ros/jazzy/opt/gz_rendering_vendor:/opt/ros/jazzy/opt/gz_plugin_vendor:/opt/ros/jazzy/opt/gz_fuel_tools_vendor:/opt/ros/jazzy/opt/gz_msgs_vendor:/opt/ros/jazzy/opt/gz_common_vendor:/opt/ros/jazzy/opt/gz_math_vendor:/opt/ros/jazzy/opt/gz_utils_vendor:/opt/ros/jazzy/opt/gz_tools_vendor:/opt/ros/jazzy/opt/gz_ogre_next_vendor:/opt/ros/jazzy/opt/gz_dartsim_vendor:/opt/ros/jazzy/opt/gz_cmake_vendor:/opt/ros/jazzy DEBUGINFOD_URLS=https://debuginfod.ubuntu.com /usr/bin/cmake /home/piotr/ros2_ws/src/mycobot_ros2/mycobot_ros2 -DCMAKE_INSTALL_PREFIX=/home/piotr/ros2_ws/install/mycobot_ros2
[0.610s] Invoking command in '/home/piotr/ros2_ws/build/mycobot_ros2': CMAKE_PREFIX_PATH=/home/piotr/ros2_ws/install/mycobot_system_tests:/home/piotr/ros2_ws/install/mycobot_moveit_config:/home/piotr/ros2_ws/install/mycobot_gazebo:/home/piotr/ros2_ws/install/mycobot_description:/home/piotr/ros2_ws/install/mycobot_bringup:/home/piotr/ros2_ws/install/yahboom_rosmaster:/home/piotr/ros2_ws/install/yahboom_rosmaster_description:/home/piotr/ros2_ws/install/mycobot_ros2:/opt/ros/jazzy/opt/gz_sim_vendor:/opt/ros/jazzy/opt/gz_sensors_vendor:/opt/ros/jazzy/opt/gz_physics_vendor:/opt/ros/jazzy/opt/sdformat_vendor:/opt/ros/jazzy/opt/gz_gui_vendor:/opt/ros/jazzy/opt/gz_transport_vendor:/opt/ros/jazzy/opt/gz_rendering_vendor:/opt/ros/jazzy/opt/gz_plugin_vendor:/opt/ros/jazzy/opt/gz_fuel_tools_vendor:/opt/ros/jazzy/opt/gz_msgs_vendor:/opt/ros/jazzy/opt/gz_common_vendor:/opt/ros/jazzy/opt/gz_math_vendor:/opt/ros/jazzy/opt/gz_utils_vendor:/opt/ros/jazzy/opt/gz_tools_vendor:/opt/ros/jazzy/opt/gz_ogre_next_vendor:/opt/ros/jazzy/opt/gz_dartsim_vendor:/opt/ros/jazzy/opt/gz_cmake_vendor:/opt/ros/jazzy DEBUGINFOD_URLS=https://debuginfod.ubuntu.com /usr/bin/cmake --build /home/piotr/ros2_ws/build/mycobot_ros2 -- -j16 -l16
[0.648s] Invoked command in '/home/piotr/ros2_ws/build/mycobot_ros2' returned '0': CMAKE_PREFIX_PATH=/home/piotr/ros2_ws/install/mycobot_system_tests:/home/piotr/ros2_ws/install/mycobot_moveit_config:/home/piotr/ros2_ws/install/mycobot_gazebo:/home/piotr/ros2_ws/install/mycobot_description:/home/piotr/ros2_ws/install/mycobot_bringup:/home/piotr/ros2_ws/install/yahboom_rosmaster:/home/piotr/ros2_ws/install/yahboom_rosmaster_description:/home/piotr/ros2_ws/install/mycobot_ros2:/opt/ros/jazzy/opt/gz_sim_vendor:/opt/ros/jazzy/opt/gz_sensors_vendor:/opt/ros/jazzy/opt/gz_physics_vendor:/opt/ros/jazzy/opt/sdformat_vendor:/opt/ros/jazzy/opt/gz_gui_vendor:/opt/ros/jazzy/opt/gz_transport_vendor:/opt/ros/jazzy/opt/gz_rendering_vendor:/opt/ros/jazzy/opt/gz_plugin_vendor:/opt/ros/jazzy/opt/gz_fuel_tools_vendor:/opt/ros/jazzy/opt/gz_msgs_vendor:/opt/ros/jazzy/opt/gz_common_vendor:/opt/ros/jazzy/opt/gz_math_vendor:/opt/ros/jazzy/opt/gz_utils_vendor:/opt/ros/jazzy/opt/gz_tools_vendor:/opt/ros/jazzy/opt/gz_ogre_next_vendor:/opt/ros/jazzy/opt/gz_dartsim_vendor:/opt/ros/jazzy/opt/gz_cmake_vendor:/opt/ros/jazzy DEBUGINFOD_URLS=https://debuginfod.ubuntu.com /usr/bin/cmake --build /home/piotr/ros2_ws/build/mycobot_ros2 -- -j16 -l16
[0.649s] Invoking command in '/home/piotr/ros2_ws/build/mycobot_ros2': CMAKE_PREFIX_PATH=/home/piotr/ros2_ws/install/mycobot_system_tests:/home/piotr/ros2_ws/install/mycobot_moveit_config:/home/piotr/ros2_ws/install/mycobot_gazebo:/home/piotr/ros2_ws/install/mycobot_description:/home/piotr/ros2_ws/install/mycobot_bringup:/home/piotr/ros2_ws/install/yahboom_rosmaster:/home/piotr/ros2_ws/install/yahboom_rosmaster_description:/home/piotr/ros2_ws/install/mycobot_ros2:/opt/ros/jazzy/opt/gz_sim_vendor:/opt/ros/jazzy/opt/gz_sensors_vendor:/opt/ros/jazzy/opt/gz_physics_vendor:/opt/ros/jazzy/opt/sdformat_vendor:/opt/ros/jazzy/opt/gz_gui_vendor:/opt/ros/jazzy/opt/gz_transport_vendor:/opt/ros/jazzy/opt/gz_rendering_vendor:/opt/ros/jazzy/opt/gz_plugin_vendor:/opt/ros/jazzy/opt/gz_fuel_tools_vendor:/opt/ros/jazzy/opt/gz_msgs_vendor:/opt/ros/jazzy/opt/gz_common_vendor:/opt/ros/jazzy/opt/gz_math_vendor:/opt/ros/jazzy/opt/gz_utils_vendor:/opt/ros/jazzy/opt/gz_tools_vendor:/opt/ros/jazzy/opt/gz_ogre_next_vendor:/opt/ros/jazzy/opt/gz_dartsim_vendor:/opt/ros/jazzy/opt/gz_cmake_vendor:/opt/ros/jazzy DEBUGINFOD_URLS=https://debuginfod.ubuntu.com /usr/bin/cmake --install /home/piotr/ros2_ws/build/mycobot_ros2
[0.656s] -- Install configuration: ""
[0.656s] -- Installing: /home/piotr/ros2_ws/install/mycobot_ros2/share/ament_index/resource_index/package_run_dependencies/mycobot_ros2
[0.656s] -- Installing: /home/piotr/ros2_ws/install/mycobot_ros2/share/ament_index/resource_index/parent_prefix_path/mycobot_ros2
[0.656s] -- Installing: /home/piotr/ros2_ws/install/mycobot_ros2/share/mycobot_ros2/environment/ament_prefix_path.sh
[0.657s] -- Installing: /home/piotr/ros2_ws/install/mycobot_ros2/share/mycobot_ros2/environment/ament_prefix_path.dsv
[0.657s] -- Installing: /home/piotr/ros2_ws/install/mycobot_ros2/share/mycobot_ros2/environment/path.sh
[0.657s] -- Installing: /home/piotr/ros2_ws/install/mycobot_ros2/share/mycobot_ros2/environment/path.dsv
[0.657s] -- Installing: /home/piotr/ros2_ws/install/mycobot_ros2/share/mycobot_ros2/local_setup.bash
[0.657s] -- Installing: /home/piotr/ros2_ws/install/mycobot_ros2/share/mycobot_ros2/local_setup.sh
[0.657s] -- Installing: /home/piotr/ros2_ws/install/mycobot_ros2/share/mycobot_ros2/local_setup.zsh
[0.657s] -- Installing: /home/piotr/ros2_ws/install/mycobot_ros2/share/mycobot_ros2/local_setup.dsv
[0.657s] -- Installing: /home/piotr/ros2_ws/install/mycobot_ros2/share/mycobot_ros2/package.dsv
[0.657s] -- Installing: /home/piotr/ros2_ws/install/mycobot_ros2/share/ament_index/resource_index/packages/mycobot_ros2
[0.657s] -- Installing: /home/piotr/ros2_ws/install/mycobot_ros2/share/mycobot_ros2/cmake/mycobot_ros2Config.cmake
[0.657s] -- Installing: /home/piotr/ros2_ws/install/mycobot_ros2/share/mycobot_ros2/cmake/mycobot_ros2Config-version.cmake
[0.657s] -- Installing: /home/piotr/ros2_ws/install/mycobot_ros2/share/mycobot_ros2/package.xml
[0.658s] Invoked command in '/home/piotr/ros2_ws/build/mycobot_ros2' returned '0': CMAKE_PREFIX_PATH=/home/piotr/ros2_ws/install/mycobot_system_tests:/home/piotr/ros2_ws/install/mycobot_moveit_config:/home/piotr/ros2_ws/install/mycobot_gazebo:/home/piotr/ros2_ws/install/mycobot_description:/home/piotr/ros2_ws/install/mycobot_bringup:/home/piotr/ros2_ws/install/yahboom_rosmaster:/home/piotr/ros2_ws/install/yahboom_rosmaster_description:/home/piotr/ros2_ws/install/mycobot_ros2:/opt/ros/jazzy/opt/gz_sim_vendor:/opt/ros/jazzy/opt/gz_sensors_vendor:/opt/ros/jazzy/opt/gz_physics_vendor:/opt/ros/jazzy/opt/sdformat_vendor:/opt/ros/jazzy/opt/gz_gui_vendor:/opt/ros/jazzy/opt/gz_transport_vendor:/opt/ros/jazzy/opt/gz_rendering_vendor:/opt/ros/jazzy/opt/gz_plugin_vendor:/opt/ros/jazzy/opt/gz_fuel_tools_vendor:/opt/ros/jazzy/opt/gz_msgs_vendor:/opt/ros/jazzy/opt/gz_common_vendor:/opt/ros/jazzy/opt/gz_math_vendor:/opt/ros/jazzy/opt/gz_utils_vendor:/opt/ros/jazzy/opt/gz_tools_vendor:/opt/ros/jazzy/opt/gz_ogre_next_vendor:/opt/ros/jazzy/opt/gz_dartsim_vendor:/opt/ros/jazzy/opt/gz_cmake_vendor:/opt/ros/jazzy DEBUGINFOD_URLS=https://debuginfod.ubuntu.com /usr/bin/cmake --install /home/piotr/ros2_ws/build/mycobot_ros2
