[0.031s] Invoking command in '/home/piotr/ros2_ws/build/mycobot_description': CMAKE_PREFIX_PATH=${CMAKE_PREFIX_PATH}:/opt/ros/jazzy DEBUGINFOD_URLS=https://debuginfod.ubuntu.com /usr/bin/cmake /home/piotr/ros2_ws/src/mycobot_ros2/mycobot_description -DCMAKE_EXPORT_COMPILE_COMMANDS=ON -DCMAKE_INSTALL_PREFIX=/home/piotr/ros2_ws/install/mycobot_description
[0.057s] -- Found ament_cmake: 2.5.5 (/opt/ros/jazzy/share/ament_cmake/cmake)
[0.218s] -- Found urdf_tutorial: 1.1.0 (/opt/ros/jazzy/share/urdf_tutorial/cmake)
[0.218s] -- Found ament_lint_auto: 0.17.4 (/opt/ros/jazzy/share/ament_lint_auto/cmake)
[0.300s] -- Added test 'flake8' to check Python code syntax and style conventions
[0.300s] -- Configured 'flake8' exclude dirs and/or files: 
[0.301s] -- Added test 'lint_cmake' to check CMake code style
[0.301s] -- Added test 'pep257' to check Python code against some of the docstring style conventions in PEP 257
[0.304s] -- Added test 'xmllint' to check XML markup files
[0.305s] -- Configuring done (0.3s)
[0.307s] -- Generating done (0.0s)
[0.308s] [33mCMake Warning:
[0.308s]   Manually-specified variables were not used by the project:
[0.308s] 
[0.308s]     CMAKE_EXPORT_COMPILE_COMMANDS
[0.308s] 
[0.308s] [0m
[0.309s] -- Build files have been written to: /home/piotr/ros2_ws/build/mycobot_description
[0.311s] Invoked command in '/home/piotr/ros2_ws/build/mycobot_description' returned '0': CMAKE_PREFIX_PATH=${CMAKE_PREFIX_PATH}:/opt/ros/jazzy DEBUGINFOD_URLS=https://debuginfod.ubuntu.com /usr/bin/cmake /home/piotr/ros2_ws/src/mycobot_ros2/mycobot_description -DCMAKE_EXPORT_COMPILE_COMMANDS=ON -DCMAKE_INSTALL_PREFIX=/home/piotr/ros2_ws/install/mycobot_description
[0.312s] Invoking command in '/home/piotr/ros2_ws/build/mycobot_description': CMAKE_PREFIX_PATH=${CMAKE_PREFIX_PATH}:/opt/ros/jazzy DEBUGINFOD_URLS=https://debuginfod.ubuntu.com /usr/bin/cmake --build /home/piotr/ros2_ws/build/mycobot_description -- -j16 -l16
[0.347s] Invoked command in '/home/piotr/ros2_ws/build/mycobot_description' returned '0': CMAKE_PREFIX_PATH=${CMAKE_PREFIX_PATH}:/opt/ros/jazzy DEBUGINFOD_URLS=https://debuginfod.ubuntu.com /usr/bin/cmake --build /home/piotr/ros2_ws/build/mycobot_description -- -j16 -l16
[0.357s] Invoking command in '/home/piotr/ros2_ws/build/mycobot_description': CMAKE_PREFIX_PATH=${CMAKE_PREFIX_PATH}:/opt/ros/jazzy DEBUGINFOD_URLS=https://debuginfod.ubuntu.com /usr/bin/cmake --install /home/piotr/ros2_ws/build/mycobot_description
[0.366s] -- Install configuration: ""
[0.366s] -- Up-to-date: /home/piotr/ros2_ws/install/mycobot_description/share/mycobot_description/launch
[0.367s] -- Up-to-date: /home/piotr/ros2_ws/install/mycobot_description/share/mycobot_description/launch/robot_state_publisher.launch.py
[0.367s] -- Up-to-date: /home/piotr/ros2_ws/install/mycobot_description/share/mycobot_description/meshes
[0.367s] -- Up-to-date: /home/piotr/ros2_ws/install/mycobot_description/share/mycobot_description/meshes/mycobot_280
[0.367s] -- Up-to-date: /home/piotr/ros2_ws/install/mycobot_description/share/mycobot_description/meshes/mycobot_280/visual
[0.367s] -- Up-to-date: /home/piotr/ros2_ws/install/mycobot_description/share/mycobot_description/meshes/mycobot_280/visual/link1.png
[0.367s] -- Up-to-date: /home/piotr/ros2_ws/install/mycobot_description/share/mycobot_description/meshes/mycobot_280/visual/suit_env.dae
[0.367s] -- Up-to-date: /home/piotr/ros2_ws/install/mycobot_description/share/mycobot_description/meshes/mycobot_280/visual/link3.dae
[0.367s] -- Up-to-date: /home/piotr/ros2_ws/install/mycobot_description/share/mycobot_description/meshes/mycobot_280/visual/link4.png
[0.367s] -- Up-to-date: /home/piotr/ros2_ws/install/mycobot_description/share/mycobot_description/meshes/mycobot_280/visual/link5.png
[0.367s] -- Up-to-date: /home/piotr/ros2_ws/install/mycobot_description/share/mycobot_description/meshes/mycobot_280/visual/link6.dae
[0.367s] -- Up-to-date: /home/piotr/ros2_ws/install/mycobot_description/share/mycobot_description/meshes/mycobot_280/visual/link6.png
[0.367s] -- Up-to-date: /home/piotr/ros2_ws/install/mycobot_description/share/mycobot_description/meshes/mycobot_280/visual/link7.dae
[0.367s] -- Up-to-date: /home/piotr/ros2_ws/install/mycobot_description/share/mycobot_description/meshes/mycobot_280/visual/link4.dae
[0.367s] -- Up-to-date: /home/piotr/ros2_ws/install/mycobot_description/share/mycobot_description/meshes/mycobot_280/visual/link5.dae
[0.367s] -- Up-to-date: /home/piotr/ros2_ws/install/mycobot_description/share/mycobot_description/meshes/mycobot_280/visual/link2.png
[0.367s] -- Up-to-date: /home/piotr/ros2_ws/install/mycobot_description/share/mycobot_description/meshes/mycobot_280/visual/link3.png
[0.368s] -- Up-to-date: /home/piotr/ros2_ws/install/mycobot_description/share/mycobot_description/meshes/mycobot_280/visual/link1.dae
[0.368s] -- Up-to-date: /home/piotr/ros2_ws/install/mycobot_description/share/mycobot_description/meshes/mycobot_280/visual/link2.dae
[0.368s] -- Up-to-date: /home/piotr/ros2_ws/install/mycobot_description/share/mycobot_description/meshes/mycobot_280/visual/link7.png
[0.368s] -- Up-to-date: /home/piotr/ros2_ws/install/mycobot_description/share/mycobot_description/meshes/adaptive_gripper
[0.368s] -- Up-to-date: /home/piotr/ros2_ws/install/mycobot_description/share/mycobot_description/meshes/adaptive_gripper/visual
[0.368s] -- Up-to-date: /home/piotr/ros2_ws/install/mycobot_description/share/mycobot_description/meshes/adaptive_gripper/visual/gripper_left2.dae
[0.368s] -- Up-to-date: /home/piotr/ros2_ws/install/mycobot_description/share/mycobot_description/meshes/adaptive_gripper/visual/gripper_base.dae
[0.368s] -- Up-to-date: /home/piotr/ros2_ws/install/mycobot_description/share/mycobot_description/meshes/adaptive_gripper/visual/gripper_right2.dae
[0.368s] -- Up-to-date: /home/piotr/ros2_ws/install/mycobot_description/share/mycobot_description/meshes/adaptive_gripper/visual/gripper_right3.dae
[0.368s] -- Up-to-date: /home/piotr/ros2_ws/install/mycobot_description/share/mycobot_description/meshes/adaptive_gripper/visual/gripper_left1.dae
[0.368s] -- Up-to-date: /home/piotr/ros2_ws/install/mycobot_description/share/mycobot_description/meshes/adaptive_gripper/visual/gripper_right1.dae
[0.368s] -- Up-to-date: /home/piotr/ros2_ws/install/mycobot_description/share/mycobot_description/meshes/adaptive_gripper/visual/gripper_left3.dae
[0.368s] -- Up-to-date: /home/piotr/ros2_ws/install/mycobot_description/share/mycobot_description/meshes/g_shape_base_v2_0
[0.368s] -- Up-to-date: /home/piotr/ros2_ws/install/mycobot_description/share/mycobot_description/meshes/g_shape_base_v2_0/visual
[0.369s] -- Up-to-date: /home/piotr/ros2_ws/install/mycobot_description/share/mycobot_description/meshes/g_shape_base_v2_0/visual/base_link.dae
[0.369s] -- Up-to-date: /home/piotr/ros2_ws/install/mycobot_description/share/mycobot_description/meshes/d435
[0.369s] -- Up-to-date: /home/piotr/ros2_ws/install/mycobot_description/share/mycobot_description/meshes/d435/visual
[0.369s] -- Up-to-date: /home/piotr/ros2_ws/install/mycobot_description/share/mycobot_description/meshes/d435/visual/d435.stl
[0.369s] -- Up-to-date: /home/piotr/ros2_ws/install/mycobot_description/share/mycobot_description/urdf
[0.369s] -- Up-to-date: /home/piotr/ros2_ws/install/mycobot_description/share/mycobot_description/urdf/control
[0.369s] -- Up-to-date: /home/piotr/ros2_ws/install/mycobot_description/share/mycobot_description/urdf/control/mycobot_280_ros2_control.urdf.xacro
[0.369s] -- Up-to-date: /home/piotr/ros2_ws/install/mycobot_description/share/mycobot_description/urdf/control/gazebo_sim_ros2_control.urdf.xacro
[0.369s] -- Up-to-date: /home/piotr/ros2_ws/install/mycobot_description/share/mycobot_description/urdf/mech
[0.369s] -- Up-to-date: /home/piotr/ros2_ws/install/mycobot_description/share/mycobot_description/urdf/mech/mycobot_280_arm.urdf.xacro
[0.369s] -- Up-to-date: /home/piotr/ros2_ws/install/mycobot_description/share/mycobot_description/urdf/mech/adaptive_gripper.urdf.xacro
[0.369s] -- Up-to-date: /home/piotr/ros2_ws/install/mycobot_description/share/mycobot_description/urdf/mech/g_shape_base_v2_0.urdf.xacro
[0.369s] -- Up-to-date: /home/piotr/ros2_ws/install/mycobot_description/share/mycobot_description/urdf/sensors
[0.369s] -- Up-to-date: /home/piotr/ros2_ws/install/mycobot_description/share/mycobot_description/urdf/robots
[0.369s] -- Up-to-date: /home/piotr/ros2_ws/install/mycobot_description/share/mycobot_description/urdf/robots/mycobot_280.urdf.xacro
[0.369s] -- Up-to-date: /home/piotr/ros2_ws/install/mycobot_description/share/mycobot_description/rviz
[0.369s] -- Up-to-date: /home/piotr/ros2_ws/install/mycobot_description/share/mycobot_description/rviz/mycobot_280_description.rviz
[0.369s] -- Up-to-date: /home/piotr/ros2_ws/install/mycobot_description/share/ament_index/resource_index/package_run_dependencies/mycobot_description
[0.369s] -- Installing: /home/piotr/ros2_ws/install/mycobot_description/share/ament_index/resource_index/parent_prefix_path/mycobot_description
[0.370s] -- Up-to-date: /home/piotr/ros2_ws/install/mycobot_description/share/mycobot_description/environment/ament_prefix_path.sh
[0.370s] -- Up-to-date: /home/piotr/ros2_ws/install/mycobot_description/share/mycobot_description/environment/ament_prefix_path.dsv
[0.370s] -- Up-to-date: /home/piotr/ros2_ws/install/mycobot_description/share/mycobot_description/environment/path.sh
[0.370s] -- Up-to-date: /home/piotr/ros2_ws/install/mycobot_description/share/mycobot_description/environment/path.dsv
[0.371s] -- Up-to-date: /home/piotr/ros2_ws/install/mycobot_description/share/mycobot_description/local_setup.bash
[0.371s] -- Up-to-date: /home/piotr/ros2_ws/install/mycobot_description/share/mycobot_description/local_setup.sh
[0.371s] -- Up-to-date: /home/piotr/ros2_ws/install/mycobot_description/share/mycobot_description/local_setup.zsh
[0.371s] -- Up-to-date: /home/piotr/ros2_ws/install/mycobot_description/share/mycobot_description/local_setup.dsv
[0.371s] -- Installing: /home/piotr/ros2_ws/install/mycobot_description/share/mycobot_description/package.dsv
[0.371s] -- Up-to-date: /home/piotr/ros2_ws/install/mycobot_description/share/ament_index/resource_index/packages/mycobot_description
[0.371s] -- Up-to-date: /home/piotr/ros2_ws/install/mycobot_description/share/mycobot_description/cmake/mycobot_descriptionConfig.cmake
[0.371s] -- Up-to-date: /home/piotr/ros2_ws/install/mycobot_description/share/mycobot_description/cmake/mycobot_descriptionConfig-version.cmake
[0.371s] -- Up-to-date: /home/piotr/ros2_ws/install/mycobot_description/share/mycobot_description/package.xml
[0.374s] Invoked command in '/home/piotr/ros2_ws/build/mycobot_description' returned '0': CMAKE_PREFIX_PATH=${CMAKE_PREFIX_PATH}:/opt/ros/jazzy DEBUGINFOD_URLS=https://debuginfod.ubuntu.com /usr/bin/cmake --install /home/piotr/ros2_ws/build/mycobot_description
