[0.028s] Invoking command in '/home/piotr/ros2_ws/build/mycobot_moveit_config': CMAKE_PREFIX_PATH=${CMAKE_PREFIX_PATH}:/opt/ros/jazzy DEBUGINFOD_URLS=https://debuginfod.ubuntu.com /usr/bin/cmake --build /home/piotr/ros2_ws/build/mycobot_moveit_config -- -j16 -l16
[0.070s] Invoked command in '/home/piotr/ros2_ws/build/mycobot_moveit_config' returned '0': CMAKE_PREFIX_PATH=${CMAKE_PREFIX_PATH}:/opt/ros/jazzy DEBUGINFOD_URLS=https://debuginfod.ubuntu.com /usr/bin/cmake --build /home/piotr/ros2_ws/build/mycobot_moveit_config -- -j16 -l16
[0.070s] Invoking command in '/home/piotr/ros2_ws/build/mycobot_moveit_config': CMAKE_PREFIX_PATH=${CMAKE_PREFIX_PATH}:/opt/ros/jazzy DEBUGINFOD_URLS=https://debuginfod.ubuntu.com /usr/bin/cmake --install /home/piotr/ros2_ws/build/mycobot_moveit_config
[0.082s] -- Install configuration: ""
[0.082s] -- Up-to-date: /home/piotr/ros2_ws/install/mycobot_moveit_config/share/mycobot_moveit_config/config
[0.082s] -- Up-to-date: /home/piotr/ros2_ws/install/mycobot_moveit_config/share/mycobot_moveit_config/config/mycobot_280
[0.082s] -- Up-to-date: /home/piotr/ros2_ws/install/mycobot_moveit_config/share/mycobot_moveit_config/config/mycobot_280/ros2_controllers.yaml
[0.082s] -- Up-to-date: /home/piotr/ros2_ws/install/mycobot_moveit_config/share/mycobot_moveit_config/config/mycobot_280/ros2_controllers_template.yaml
[0.082s] -- Up-to-date: /home/piotr/ros2_ws/install/mycobot_moveit_config/share/mycobot_moveit_config/launch
[0.082s] -- Up-to-date: /home/piotr/ros2_ws/install/mycobot_moveit_config/share/mycobot_moveit_config/launch/load_ros2_controllers.launch.py
[0.082s] -- Up-to-date: /home/piotr/ros2_ws/install/mycobot_moveit_config/share/ament_index/resource_index/package_run_dependencies/mycobot_moveit_config
[0.082s] -- Up-to-date: /home/piotr/ros2_ws/install/mycobot_moveit_config/share/ament_index/resource_index/parent_prefix_path/mycobot_moveit_config
[0.082s] -- Up-to-date: /home/piotr/ros2_ws/install/mycobot_moveit_config/share/mycobot_moveit_config/environment/ament_prefix_path.sh
[0.082s] -- Up-to-date: /home/piotr/ros2_ws/install/mycobot_moveit_config/share/mycobot_moveit_config/environment/ament_prefix_path.dsv
[0.082s] -- Up-to-date: /home/piotr/ros2_ws/install/mycobot_moveit_config/share/mycobot_moveit_config/environment/path.sh
[0.082s] -- Up-to-date: /home/piotr/ros2_ws/install/mycobot_moveit_config/share/mycobot_moveit_config/environment/path.dsv
[0.082s] -- Up-to-date: /home/piotr/ros2_ws/install/mycobot_moveit_config/share/mycobot_moveit_config/local_setup.bash
[0.082s] -- Up-to-date: /home/piotr/ros2_ws/install/mycobot_moveit_config/share/mycobot_moveit_config/local_setup.sh
[0.082s] -- Up-to-date: /home/piotr/ros2_ws/install/mycobot_moveit_config/share/mycobot_moveit_config/local_setup.zsh
[0.083s] -- Up-to-date: /home/piotr/ros2_ws/install/mycobot_moveit_config/share/mycobot_moveit_config/local_setup.dsv
[0.083s] -- Installing: /home/piotr/ros2_ws/install/mycobot_moveit_config/share/mycobot_moveit_config/package.dsv
[0.083s] -- Up-to-date: /home/piotr/ros2_ws/install/mycobot_moveit_config/share/ament_index/resource_index/packages/mycobot_moveit_config
[0.083s] -- Up-to-date: /home/piotr/ros2_ws/install/mycobot_moveit_config/share/mycobot_moveit_config/cmake/mycobot_moveit_configConfig.cmake
[0.083s] -- Up-to-date: /home/piotr/ros2_ws/install/mycobot_moveit_config/share/mycobot_moveit_config/cmake/mycobot_moveit_configConfig-version.cmake
[0.083s] -- Up-to-date: /home/piotr/ros2_ws/install/mycobot_moveit_config/share/mycobot_moveit_config/package.xml
[0.170s] Invoked command in '/home/piotr/ros2_ws/build/mycobot_moveit_config' returned '0': CMAKE_PREFIX_PATH=${CMAKE_PREFIX_PATH}:/opt/ros/jazzy DEBUGINFOD_URLS=https://debuginfod.ubuntu.com /usr/bin/cmake --install /home/piotr/ros2_ws/build/mycobot_moveit_config
