[0.015s] Invoking command in '/home/piotr/ros2_ws/build/yahboom_rosmaster_gazebo': CMAKE_PREFIX_PATH=${CMAKE_PREFIX_PATH}:/opt/ros/jazzy DEBUGINFOD_URLS=https://debuginfod.ubuntu.com /usr/bin/cmake /home/piotr/ros2_ws/src/yahboom_rosmaster/yahboom_rosmaster_gazebo -DCMAKE_INSTALL_PREFIX=/home/piotr/ros2_ws/install/yahboom_rosmaster_gazebo
[0.064s] -- The C compiler identification is GNU 13.3.0
[0.110s] -- The CXX compiler identification is GNU 13.3.0
[0.122s] -- Detecting C compiler ABI info
[0.199s] -- Detecting C compiler ABI info - done
[0.206s] -- Check for working C compiler: /usr/bin/cc - skipped
[0.207s] -- Detecting C compile features
[0.207s] -- Detecting C compile features - done
[0.214s] -- Detecting CXX compiler ABI info
[0.291s] -- Detecting CXX compiler ABI info - done
[0.301s] -- Check for working CXX compiler: /usr/bin/c++ - skipped
[0.301s] -- Detecting CXX compile features
[0.301s] -- Detecting CXX compile features - done
[0.306s] -- Found ament_cmake: 2.5.5 (/opt/ros/jazzy/share/ament_cmake/cmake)
[0.439s] -- Found Python3: /usr/bin/python3 (found version "3.12.3") found components: Interpreter 
[0.556s] -- Found controller_manager: 4.42.2 (/opt/ros/jazzy/share/controller_manager/cmake)
[0.613s] -- Found rosidl_generator_c: 4.6.7 (/opt/ros/jazzy/share/rosidl_generator_c/cmake)
[0.627s] -- Found rosidl_generator_cpp: 4.6.7 (/opt/ros/jazzy/share/rosidl_generator_cpp/cmake)
[0.643s] -- Using all available rosidl_typesupport_c: rosidl_typesupport_fastrtps_c;rosidl_typesupport_introspection_c
[0.662s] -- Using all available rosidl_typesupport_cpp: rosidl_typesupport_fastrtps_cpp;rosidl_typesupport_introspection_cpp
[0.738s] -- Found rmw_implementation_cmake: 7.3.3 (/opt/ros/jazzy/share/rmw_implementation_cmake/cmake)
[0.743s] -- Found rmw_cyclonedds_cpp: 2.2.3 (/opt/ros/jazzy/share/rmw_cyclonedds_cpp/cmake)
[0.774s] -- Using RMW implementation 'rmw_cyclonedds_cpp' as default
[1.027s] -- Found TinyXML2 via Config file: /usr/lib/x86_64-linux-gnu/cmake/tinyxml2
[1.240s] -- Found gz_ros2_control: 1.2.17 (/opt/ros/jazzy/share/gz_ros2_control/cmake)
[1.246s] -- Found ros_gz: 1.0.18 (/opt/ros/jazzy/share/ros_gz/cmake)
[1.249s] -- Found ros_gz_bridge: 1.0.18 (/opt/ros/jazzy/share/ros_gz_bridge/cmake)
[1.292s] -- Looking for gz-msgs10 -- found version 10.3.2
[1.298s] -- Searching for dependencies of gz-msgs10
[1.326s] -- Found Protobuf: /usr/lib/x86_64-linux-gnu/libprotobuf.so (found version "3.21.12") 
[1.329s] -- Looking for gz-utils2 -- found version 2.2.1
[1.329s] -- Searching for dependencies of gz-utils2
[1.331s] -- Looking for gz-math7 -- found version 7.5.2
[1.331s] -- Searching for dependencies of gz-math7
[1.331s] -- Looking for gz-utils2 -- found version 2.2.1
[1.338s] -- Checking for module 'tinyxml2'
[1.354s] --   Found tinyxml2, version 10.0.0
[1.402s] -- Looking for gz-transport13 -- found version 13.5.0
[1.402s] -- Searching for dependencies of gz-transport13
[1.428s] -- Config-file not installed for ZeroMQ -- checking for pkg-config
[1.432s] -- Checking for module 'libzmq >= 4'
[1.447s] --   Found libzmq, version 4.3.5
[1.492s] -- Found ZeroMQ: TRUE (Required is at least version "4") 
[1.498s] -- Checking for module 'uuid'
[1.514s] --   Found uuid, version 2.39.3
[1.546s] -- Found UUID: TRUE  
[1.547s] -- Looking for gz-utils2 -- found version 2.2.1
[1.547s] -- Searching for dependencies of gz-utils2
[1.547s] -- Searching for <gz-utils2> component [cli]
[1.549s] -- Looking for gz-utils2-cli -- found version 2.2.1
[1.549s] -- Searching for dependencies of gz-utils2-cli
[1.550s] -- Looking for gz-msgs10 -- found version 10.3.2
[1.679s] -- Found ros_gz_image: 1.0.18 (/opt/ros/jazzy/share/ros_gz_image/cmake)
[1.683s] -- Found ros_gz_sim: 1.0.18 (/opt/ros/jazzy/share/ros_gz_sim/cmake)
[1.711s] -- Found ros2_control: 4.42.2 (/opt/ros/jazzy/share/ros2_control/cmake)
[1.714s] -- Found ros2_controllers: 4.36.0 (/opt/ros/jazzy/share/ros2_controllers/cmake)
[1.717s] -- Found xacro: 2.1.1 (/opt/ros/jazzy/share/xacro/cmake)
[1.720s] -- Found ament_lint_auto: 0.17.4 (/opt/ros/jazzy/share/ament_lint_auto/cmake)
[1.806s] -- Added test 'lint_cmake' to check CMake code style
[1.807s] -- Added test 'xmllint' to check XML markup files
[1.809s] -- Configuring done (1.8s)
[1.815s] -- Generating done (0.0s)
[1.817s] -- Build files have been written to: /home/piotr/ros2_ws/build/yahboom_rosmaster_gazebo
[1.827s] Invoked command in '/home/piotr/ros2_ws/build/yahboom_rosmaster_gazebo' returned '0': CMAKE_PREFIX_PATH=${CMAKE_PREFIX_PATH}:/opt/ros/jazzy DEBUGINFOD_URLS=https://debuginfod.ubuntu.com /usr/bin/cmake /home/piotr/ros2_ws/src/yahboom_rosmaster/yahboom_rosmaster_gazebo -DCMAKE_INSTALL_PREFIX=/home/piotr/ros2_ws/install/yahboom_rosmaster_gazebo
[1.829s] Invoking command in '/home/piotr/ros2_ws/build/yahboom_rosmaster_gazebo': CMAKE_PREFIX_PATH=${CMAKE_PREFIX_PATH}:/opt/ros/jazzy DEBUGINFOD_URLS=https://debuginfod.ubuntu.com /usr/bin/cmake --build /home/piotr/ros2_ws/build/yahboom_rosmaster_gazebo -- -j16 -l16
[1.872s] Invoked command in '/home/piotr/ros2_ws/build/yahboom_rosmaster_gazebo' returned '0': CMAKE_PREFIX_PATH=${CMAKE_PREFIX_PATH}:/opt/ros/jazzy DEBUGINFOD_URLS=https://debuginfod.ubuntu.com /usr/bin/cmake --build /home/piotr/ros2_ws/build/yahboom_rosmaster_gazebo -- -j16 -l16
[1.873s] Invoking command in '/home/piotr/ros2_ws/build/yahboom_rosmaster_gazebo': CMAKE_PREFIX_PATH=${CMAKE_PREFIX_PATH}:/opt/ros/jazzy DEBUGINFOD_URLS=https://debuginfod.ubuntu.com /usr/bin/cmake --install /home/piotr/ros2_ws/build/yahboom_rosmaster_gazebo
[1.880s] -- Install configuration: ""
[1.880s] -- Installing: /home/piotr/ros2_ws/install/yahboom_rosmaster_gazebo/share/ament_index/resource_index/package_run_dependencies/yahboom_rosmaster_gazebo
[1.881s] -- Installing: /home/piotr/ros2_ws/install/yahboom_rosmaster_gazebo/share/ament_index/resource_index/parent_prefix_path/yahboom_rosmaster_gazebo
[1.881s] -- Installing: /home/piotr/ros2_ws/install/yahboom_rosmaster_gazebo/share/yahboom_rosmaster_gazebo/environment/ament_prefix_path.sh
[1.881s] -- Installing: /home/piotr/ros2_ws/install/yahboom_rosmaster_gazebo/share/yahboom_rosmaster_gazebo/environment/ament_prefix_path.dsv
[1.881s] -- Installing: /home/piotr/ros2_ws/install/yahboom_rosmaster_gazebo/share/yahboom_rosmaster_gazebo/environment/path.sh
[1.881s] -- Installing: /home/piotr/ros2_ws/install/yahboom_rosmaster_gazebo/share/yahboom_rosmaster_gazebo/environment/path.dsv
[1.881s] -- Installing: /home/piotr/ros2_ws/install/yahboom_rosmaster_gazebo/share/yahboom_rosmaster_gazebo/local_setup.bash
[1.881s] -- Installing: /home/piotr/ros2_ws/install/yahboom_rosmaster_gazebo/share/yahboom_rosmaster_gazebo/local_setup.sh
[1.881s] -- Installing: /home/piotr/ros2_ws/install/yahboom_rosmaster_gazebo/share/yahboom_rosmaster_gazebo/local_setup.zsh
[1.881s] -- Installing: /home/piotr/ros2_ws/install/yahboom_rosmaster_gazebo/share/yahboom_rosmaster_gazebo/local_setup.dsv
[1.881s] -- Installing: /home/piotr/ros2_ws/install/yahboom_rosmaster_gazebo/share/yahboom_rosmaster_gazebo/package.dsv
[1.881s] -- Installing: /home/piotr/ros2_ws/install/yahboom_rosmaster_gazebo/share/ament_index/resource_index/packages/yahboom_rosmaster_gazebo
[1.882s] -- Installing: /home/piotr/ros2_ws/install/yahboom_rosmaster_gazebo/share/yahboom_rosmaster_gazebo/cmake/yahboom_rosmaster_gazeboConfig.cmake
[1.882s] -- Installing: /home/piotr/ros2_ws/install/yahboom_rosmaster_gazebo/share/yahboom_rosmaster_gazebo/cmake/yahboom_rosmaster_gazeboConfig-version.cmake
[1.882s] -- Installing: /home/piotr/ros2_ws/install/yahboom_rosmaster_gazebo/share/yahboom_rosmaster_gazebo/package.xml
[1.883s] Invoked command in '/home/piotr/ros2_ws/build/yahboom_rosmaster_gazebo' returned '0': CMAKE_PREFIX_PATH=${CMAKE_PREFIX_PATH}:/opt/ros/jazzy DEBUGINFOD_URLS=https://debuginfod.ubuntu.com /usr/bin/cmake --install /home/piotr/ros2_ws/build/yahboom_rosmaster_gazebo
