[0.026s] Invoking command in '/home/piotr/ros2_ws/build/mycobot_bringup': CMAKE_PREFIX_PATH=${CMAKE_PREFIX_PATH}:/opt/ros/jazzy DEBUGINFOD_URLS=https://debuginfod.ubuntu.com /usr/bin/cmake /home/piotr/ros2_ws/src/mycobot_ros2/mycobot_bringup -DCMAKE_INSTALL_PREFIX=/home/piotr/ros2_ws/install/mycobot_bringup
[0.074s] -- The C compiler identification is GNU 13.3.0
[0.121s] -- The CXX compiler identification is GNU 13.3.0
[0.134s] -- Detecting C compiler ABI info
[0.213s] -- Detecting C compiler ABI info - done
[0.220s] -- Check for working C compiler: /usr/bin/cc - skipped
[0.220s] -- Detecting C compile features
[0.220s] -- Detecting C compile features - done
[0.228s] -- Detecting CXX compiler ABI info
[0.309s] -- Detecting CXX compiler ABI info - done
[0.315s] -- Check for working CXX compiler: /usr/bin/c++ - skipped
[0.315s] -- Detecting CXX compile features
[0.316s] -- Detecting CXX compile features - done
[0.320s] -- Found ament_cmake: 2.5.5 (/opt/ros/jazzy/share/ament_cmake/cmake)
[0.449s] -- Found Python3: /usr/bin/python3 (found version "3.12.3") found components: Interpreter 
[0.555s] -- Found ament_lint_auto: 0.17.4 (/opt/ros/jazzy/share/ament_lint_auto/cmake)
[0.655s] -- Added test 'lint_cmake' to check CMake code style
[0.657s] -- Added test 'xmllint' to check XML markup files
[0.659s] -- Configuring done (0.6s)
[0.661s] -- Generating done (0.0s)
[0.662s] -- Build files have been written to: /home/piotr/ros2_ws/build/mycobot_bringup
[0.666s] Invoked command in '/home/piotr/ros2_ws/build/mycobot_bringup' returned '0': CMAKE_PREFIX_PATH=${CMAKE_PREFIX_PATH}:/opt/ros/jazzy DEBUGINFOD_URLS=https://debuginfod.ubuntu.com /usr/bin/cmake /home/piotr/ros2_ws/src/mycobot_ros2/mycobot_bringup -DCMAKE_INSTALL_PREFIX=/home/piotr/ros2_ws/install/mycobot_bringup
[0.667s] Invoking command in '/home/piotr/ros2_ws/build/mycobot_bringup': CMAKE_PREFIX_PATH=${CMAKE_PREFIX_PATH}:/opt/ros/jazzy DEBUGINFOD_URLS=https://debuginfod.ubuntu.com /usr/bin/cmake --build /home/piotr/ros2_ws/build/mycobot_bringup -- -j16 -l16
[0.712s] Invoked command in '/home/piotr/ros2_ws/build/mycobot_bringup' returned '0': CMAKE_PREFIX_PATH=${CMAKE_PREFIX_PATH}:/opt/ros/jazzy DEBUGINFOD_URLS=https://debuginfod.ubuntu.com /usr/bin/cmake --build /home/piotr/ros2_ws/build/mycobot_bringup -- -j16 -l16
[0.713s] Invoking command in '/home/piotr/ros2_ws/build/mycobot_bringup': CMAKE_PREFIX_PATH=${CMAKE_PREFIX_PATH}:/opt/ros/jazzy DEBUGINFOD_URLS=https://debuginfod.ubuntu.com /usr/bin/cmake --install /home/piotr/ros2_ws/build/mycobot_bringup
[0.720s] -- Install configuration: ""
[0.720s] -- Installing: /home/piotr/ros2_ws/install/mycobot_bringup/share/mycobot_bringup/scripts
[0.720s] -- Installing: /home/piotr/ros2_ws/install/mycobot_bringup/share/mycobot_bringup/scripts/mycobot_280_gazebo.sh
[0.720s] -- Installing: /home/piotr/ros2_ws/install/mycobot_bringup/share/ament_index/resource_index/package_run_dependencies/mycobot_bringup
[0.720s] -- Installing: /home/piotr/ros2_ws/install/mycobot_bringup/share/ament_index/resource_index/parent_prefix_path/mycobot_bringup
[0.720s] -- Installing: /home/piotr/ros2_ws/install/mycobot_bringup/share/mycobot_bringup/environment/ament_prefix_path.sh
[0.721s] -- Installing: /home/piotr/ros2_ws/install/mycobot_bringup/share/mycobot_bringup/environment/ament_prefix_path.dsv
[0.721s] -- Installing: /home/piotr/ros2_ws/install/mycobot_bringup/share/mycobot_bringup/environment/path.sh
[0.721s] -- Installing: /home/piotr/ros2_ws/install/mycobot_bringup/share/mycobot_bringup/environment/path.dsv
[0.721s] -- Installing: /home/piotr/ros2_ws/install/mycobot_bringup/share/mycobot_bringup/local_setup.bash
[0.721s] -- Installing: /home/piotr/ros2_ws/install/mycobot_bringup/share/mycobot_bringup/local_setup.sh
[0.721s] -- Installing: /home/piotr/ros2_ws/install/mycobot_bringup/share/mycobot_bringup/local_setup.zsh
[0.721s] -- Installing: /home/piotr/ros2_ws/install/mycobot_bringup/share/mycobot_bringup/local_setup.dsv
[0.722s] -- Installing: /home/piotr/ros2_ws/install/mycobot_bringup/share/mycobot_bringup/package.dsv
[0.722s] -- Installing: /home/piotr/ros2_ws/install/mycobot_bringup/share/ament_index/resource_index/packages/mycobot_bringup
[0.722s] -- Installing: /home/piotr/ros2_ws/install/mycobot_bringup/share/mycobot_bringup/cmake/mycobot_bringupConfig.cmake
[0.722s] -- Installing: /home/piotr/ros2_ws/install/mycobot_bringup/share/mycobot_bringup/cmake/mycobot_bringupConfig-version.cmake
[0.722s] -- Installing: /home/piotr/ros2_ws/install/mycobot_bringup/share/mycobot_bringup/package.xml
[0.725s] Invoked command in '/home/piotr/ros2_ws/build/mycobot_bringup' returned '0': CMAKE_PREFIX_PATH=${CMAKE_PREFIX_PATH}:/opt/ros/jazzy DEBUGINFOD_URLS=https://debuginfod.ubuntu.com /usr/bin/cmake --install /home/piotr/ros2_ws/build/mycobot_bringup
