[0.023s] Invoking command in '/home/piotr/ros2_ws/build/yahboom_rosmaster_description': CMAKE_PREFIX_PATH=${CMAKE_PREFIX_PATH}:/opt/ros/jazzy DEBUGINFOD_URLS=https://debuginfod.ubuntu.com /usr/bin/cmake --build /home/piotr/ros2_ws/build/yahboom_rosmaster_description -- -j16 -l16
[0.065s] Invoked command in '/home/piotr/ros2_ws/build/yahboom_rosmaster_description' returned '0': CMAKE_PREFIX_PATH=${CMAKE_PREFIX_PATH}:/opt/ros/jazzy DEBUGINFOD_URLS=https://debuginfod.ubuntu.com /usr/bin/cmake --build /home/piotr/ros2_ws/build/yahboom_rosmaster_description -- -j16 -l16
[0.066s] Invoking command in '/home/piotr/ros2_ws/build/yahboom_rosmaster_description': CMAKE_PREFIX_PATH=${CMAKE_PREFIX_PATH}:/opt/ros/jazzy DEBUGINFOD_URLS=https://debuginfod.ubuntu.com /usr/bin/cmake --install /home/piotr/ros2_ws/build/yahboom_rosmaster_description
[0.081s] -- Install configuration: ""
[0.082s] -- Up-to-date: /home/piotr/ros2_ws/install/yahboom_rosmaster_description/share/yahboom_rosmaster_description/launch
[0.082s] -- Installing: /home/piotr/ros2_ws/install/yahboom_rosmaster_description/share/yahboom_rosmaster_description/launch/robot_state_publisher.launch.py
[0.082s] -- Up-to-date: /home/piotr/ros2_ws/install/yahboom_rosmaster_description/share/yahboom_rosmaster_description/meshes
[0.082s] -- Up-to-date: /home/piotr/ros2_ws/install/yahboom_rosmaster_description/share/yahboom_rosmaster_description/meshes/rplidar
[0.082s] -- Up-to-date: /home/piotr/ros2_ws/install/yahboom_rosmaster_description/share/yahboom_rosmaster_description/meshes/rplidar/rplidar_s2.stl
[0.082s] -- Up-to-date: /home/piotr/ros2_ws/install/yahboom_rosmaster_description/share/yahboom_rosmaster_description/meshes/rosmaster_x3
[0.082s] -- Up-to-date: /home/piotr/ros2_ws/install/yahboom_rosmaster_description/share/yahboom_rosmaster_description/meshes/rosmaster_x3/visual
[0.082s] -- Up-to-date: /home/piotr/ros2_ws/install/yahboom_rosmaster_description/share/yahboom_rosmaster_description/meshes/rosmaster_x3/visual/front_right_wheel_X3.STL
[0.082s] -- Up-to-date: /home/piotr/ros2_ws/install/yahboom_rosmaster_description/share/yahboom_rosmaster_description/meshes/rosmaster_x3/visual/back_right_wheel_X3.STL
[0.082s] -- Up-to-date: /home/piotr/ros2_ws/install/yahboom_rosmaster_description/share/yahboom_rosmaster_description/meshes/rosmaster_x3/visual/laser_link.STL
[0.082s] -- Up-to-date: /home/piotr/ros2_ws/install/yahboom_rosmaster_description/share/yahboom_rosmaster_description/meshes/rosmaster_x3/visual/camera_link.STL
[0.082s] -- Up-to-date: /home/piotr/ros2_ws/install/yahboom_rosmaster_description/share/yahboom_rosmaster_description/meshes/rosmaster_x3/visual/back_left_wheel_X3.STL
[0.082s] -- Up-to-date: /home/piotr/ros2_ws/install/yahboom_rosmaster_description/share/yahboom_rosmaster_description/meshes/rosmaster_x3/visual/base_link_X3.STL
[0.082s] -- Up-to-date: /home/piotr/ros2_ws/install/yahboom_rosmaster_description/share/yahboom_rosmaster_description/meshes/rosmaster_x3/visual/front_left_wheel_X3.STL
[0.082s] -- Up-to-date: /home/piotr/ros2_ws/install/yahboom_rosmaster_description/share/yahboom_rosmaster_description/meshes/intel_realsense
[0.082s] -- Up-to-date: /home/piotr/ros2_ws/install/yahboom_rosmaster_description/share/yahboom_rosmaster_description/meshes/intel_realsense/visual
[0.082s] -- Up-to-date: /home/piotr/ros2_ws/install/yahboom_rosmaster_description/share/yahboom_rosmaster_description/meshes/intel_realsense/visual/d435.stl
[0.082s] -- Up-to-date: /home/piotr/ros2_ws/install/yahboom_rosmaster_description/share/yahboom_rosmaster_description/urdf
[0.082s] -- Up-to-date: /home/piotr/ros2_ws/install/yahboom_rosmaster_description/share/yahboom_rosmaster_description/urdf/control
[0.082s] -- Up-to-date: /home/piotr/ros2_ws/install/yahboom_rosmaster_description/share/yahboom_rosmaster_description/urdf/control/rosmaster_x3_ros2_control.urdf.xacro
[0.082s] -- Up-to-date: /home/piotr/ros2_ws/install/yahboom_rosmaster_description/share/yahboom_rosmaster_description/urdf/control/velocity_control_plugin.urdf.xacro
[0.085s] -- Up-to-date: /home/piotr/ros2_ws/install/yahboom_rosmaster_description/share/yahboom_rosmaster_description/urdf/control/gazebo_sim_ros2_control.urdf.xacro
[0.085s] -- Up-to-date: /home/piotr/ros2_ws/install/yahboom_rosmaster_description/share/yahboom_rosmaster_description/urdf/mech
[0.085s] -- Up-to-date: /home/piotr/ros2_ws/install/yahboom_rosmaster_description/share/yahboom_rosmaster_description/urdf/mech/mecanum_wheel.urdf.xacro
[0.085s] -- Up-to-date: /home/piotr/ros2_ws/install/yahboom_rosmaster_description/share/yahboom_rosmaster_description/urdf/mech/rosmaster_x3_base.urdf.xacro
[0.087s] -- Up-to-date: /home/piotr/ros2_ws/install/yahboom_rosmaster_description/share/yahboom_rosmaster_description/urdf/sensors
[0.088s] -- Up-to-date: /home/piotr/ros2_ws/install/yahboom_rosmaster_description/share/yahboom_rosmaster_description/urdf/sensors/imu.urdf.xacro
[0.088s] -- Up-to-date: /home/piotr/ros2_ws/install/yahboom_rosmaster_description/share/yahboom_rosmaster_description/urdf/sensors/rgbd_camera.urdf.xacro
[0.088s] -- Up-to-date: /home/piotr/ros2_ws/install/yahboom_rosmaster_description/share/yahboom_rosmaster_description/urdf/sensors/lidar.urdf.xacro
[0.088s] -- Up-to-date: /home/piotr/ros2_ws/install/yahboom_rosmaster_description/share/yahboom_rosmaster_description/urdf/robots
[0.088s] -- Up-to-date: /home/piotr/ros2_ws/install/yahboom_rosmaster_description/share/yahboom_rosmaster_description/urdf/robots/rosmaster_x3.urdf.xacro
[0.088s] -- Up-to-date: /home/piotr/ros2_ws/install/yahboom_rosmaster_description/share/yahboom_rosmaster_description/rviz
[0.088s] -- Up-to-date: /home/piotr/ros2_ws/install/yahboom_rosmaster_description/share/yahboom_rosmaster_description/rviz/yahboom_rosmaster_description.rviz
[0.088s] -- Up-to-date: /home/piotr/ros2_ws/install/yahboom_rosmaster_description/share/yahboom_rosmaster_description/config
[0.090s] -- Up-to-date: /home/piotr/ros2_ws/install/yahboom_rosmaster_description/share/yahboom_rosmaster_description/config/rosmaster_x3
[0.090s] -- Installing: /home/piotr/ros2_ws/install/yahboom_rosmaster_description/share/yahboom_rosmaster_description/config/rosmaster_x3/ros2_controllers.yaml
[0.090s] -- Installing: /home/piotr/ros2_ws/install/yahboom_rosmaster_description/share/yahboom_rosmaster_description/config/rosmaster_x3/ros2_controllers_template.yaml
[0.090s] -- Up-to-date: /home/piotr/ros2_ws/install/yahboom_rosmaster_description/share/ament_index/resource_index/package_run_dependencies/yahboom_rosmaster_description
[0.090s] -- Up-to-date: /home/piotr/ros2_ws/install/yahboom_rosmaster_description/share/ament_index/resource_index/parent_prefix_path/yahboom_rosmaster_description
[0.090s] -- Up-to-date: /home/piotr/ros2_ws/install/yahboom_rosmaster_description/share/yahboom_rosmaster_description/environment/ament_prefix_path.sh
[0.090s] -- Up-to-date: /home/piotr/ros2_ws/install/yahboom_rosmaster_description/share/yahboom_rosmaster_description/environment/ament_prefix_path.dsv
[0.090s] -- Up-to-date: /home/piotr/ros2_ws/install/yahboom_rosmaster_description/share/yahboom_rosmaster_description/environment/path.sh
[0.090s] -- Up-to-date: /home/piotr/ros2_ws/install/yahboom_rosmaster_description/share/yahboom_rosmaster_description/environment/path.dsv
[0.090s] -- Up-to-date: /home/piotr/ros2_ws/install/yahboom_rosmaster_description/share/yahboom_rosmaster_description/local_setup.bash
[0.090s] -- Up-to-date: /home/piotr/ros2_ws/install/yahboom_rosmaster_description/share/yahboom_rosmaster_description/local_setup.sh
[0.090s] -- Up-to-date: /home/piotr/ros2_ws/install/yahboom_rosmaster_description/share/yahboom_rosmaster_description/local_setup.zsh
[0.090s] -- Up-to-date: /home/piotr/ros2_ws/install/yahboom_rosmaster_description/share/yahboom_rosmaster_description/local_setup.dsv
[0.090s] -- Installing: /home/piotr/ros2_ws/install/yahboom_rosmaster_description/share/yahboom_rosmaster_description/package.dsv
[0.090s] -- Up-to-date: /home/piotr/ros2_ws/install/yahboom_rosmaster_description/share/ament_index/resource_index/packages/yahboom_rosmaster_description
[0.090s] -- Up-to-date: /home/piotr/ros2_ws/install/yahboom_rosmaster_description/share/yahboom_rosmaster_description/cmake/yahboom_rosmaster_descriptionConfig.cmake
[0.090s] -- Up-to-date: /home/piotr/ros2_ws/install/yahboom_rosmaster_description/share/yahboom_rosmaster_description/cmake/yahboom_rosmaster_descriptionConfig-version.cmake
[0.090s] -- Up-to-date: /home/piotr/ros2_ws/install/yahboom_rosmaster_description/share/yahboom_rosmaster_description/package.xml
[0.182s] Invoked command in '/home/piotr/ros2_ws/build/yahboom_rosmaster_description' returned '0': CMAKE_PREFIX_PATH=${CMAKE_PREFIX_PATH}:/opt/ros/jazzy DEBUGINFOD_URLS=https://debuginfod.ubuntu.com /usr/bin/cmake --install /home/piotr/ros2_ws/build/yahboom_rosmaster_description
