[0.033s] Invoking command in '/home/piotr/ros2_ws/build/mycobot_bringup': CMAKE_PREFIX_PATH=${CMAKE_PREFIX_PATH}:/opt/ros/jazzy DEBUGINFOD_URLS=https://debuginfod.ubuntu.com /usr/bin/cmake /home/piotr/ros2_ws/src/mycobot_ros2/mycobot_bringup -DCMAKE_INSTALL_PREFIX=/home/piotr/ros2_ws/install/mycobot_bringup
[0.045s] -- Found ament_cmake: 2.5.5 (/opt/ros/jazzy/share/ament_cmake/cmake)
[0.232s] -- Found ament_lint_auto: 0.17.4 (/opt/ros/jazzy/share/ament_lint_auto/cmake)
[0.306s] -- Added test 'lint_cmake' to check CMake code style
[0.307s] -- Added test 'xmllint' to check XML markup files
[0.308s] -- Configuring done (0.3s)
[0.310s] -- Generating done (0.0s)
[0.312s] -- Build files have been written to: /home/piotr/ros2_ws/build/mycobot_bringup
[0.317s] Invoked command in '/home/piotr/ros2_ws/build/mycobot_bringup' returned '0': CMAKE_PREFIX_PATH=${CMAKE_PREFIX_PATH}:/opt/ros/jazzy DEBUGINFOD_URLS=https://debuginfod.ubuntu.com /usr/bin/cmake /home/piotr/ros2_ws/src/mycobot_ros2/mycobot_bringup -DCMAKE_INSTALL_PREFIX=/home/piotr/ros2_ws/install/mycobot_bringup
[0.318s] Invoking command in '/home/piotr/ros2_ws/build/mycobot_bringup': CMAKE_PREFIX_PATH=${CMAKE_PREFIX_PATH}:/opt/ros/jazzy DEBUGINFOD_URLS=https://debuginfod.ubuntu.com /usr/bin/cmake --build /home/piotr/ros2_ws/build/mycobot_bringup -- -j16 -l16
[0.358s] Invoked command in '/home/piotr/ros2_ws/build/mycobot_bringup' returned '0': CMAKE_PREFIX_PATH=${CMAKE_PREFIX_PATH}:/opt/ros/jazzy DEBUGINFOD_URLS=https://debuginfod.ubuntu.com /usr/bin/cmake --build /home/piotr/ros2_ws/build/mycobot_bringup -- -j16 -l16
[0.359s] Invoking command in '/home/piotr/ros2_ws/build/mycobot_bringup': CMAKE_PREFIX_PATH=${CMAKE_PREFIX_PATH}:/opt/ros/jazzy DEBUGINFOD_URLS=https://debuginfod.ubuntu.com /usr/bin/cmake --install /home/piotr/ros2_ws/build/mycobot_bringup
[0.368s] -- Install configuration: ""
[0.368s] -- Up-to-date: /home/piotr/ros2_ws/install/mycobot_bringup/share/mycobot_bringup/scripts
[0.368s] -- Up-to-date: /home/piotr/ros2_ws/install/mycobot_bringup/share/mycobot_bringup/scripts/mycobot_280_gazebo.sh
[0.368s] -- Up-to-date: /home/piotr/ros2_ws/install/mycobot_bringup/share/ament_index/resource_index/package_run_dependencies/mycobot_bringup
[0.368s] -- Up-to-date: /home/piotr/ros2_ws/install/mycobot_bringup/share/ament_index/resource_index/parent_prefix_path/mycobot_bringup
[0.368s] -- Up-to-date: /home/piotr/ros2_ws/install/mycobot_bringup/share/mycobot_bringup/environment/ament_prefix_path.sh
[0.369s] -- Up-to-date: /home/piotr/ros2_ws/install/mycobot_bringup/share/mycobot_bringup/environment/ament_prefix_path.dsv
[0.369s] -- Up-to-date: /home/piotr/ros2_ws/install/mycobot_bringup/share/mycobot_bringup/environment/path.sh
[0.369s] -- Up-to-date: /home/piotr/ros2_ws/install/mycobot_bringup/share/mycobot_bringup/environment/path.dsv
[0.369s] -- Up-to-date: /home/piotr/ros2_ws/install/mycobot_bringup/share/mycobot_bringup/local_setup.bash
[0.369s] -- Up-to-date: /home/piotr/ros2_ws/install/mycobot_bringup/share/mycobot_bringup/local_setup.sh
[0.369s] -- Up-to-date: /home/piotr/ros2_ws/install/mycobot_bringup/share/mycobot_bringup/local_setup.zsh
[0.369s] -- Up-to-date: /home/piotr/ros2_ws/install/mycobot_bringup/share/mycobot_bringup/local_setup.dsv
[0.369s] -- Installing: /home/piotr/ros2_ws/install/mycobot_bringup/share/mycobot_bringup/package.dsv
[0.369s] -- Up-to-date: /home/piotr/ros2_ws/install/mycobot_bringup/share/ament_index/resource_index/packages/mycobot_bringup
[0.369s] -- Up-to-date: /home/piotr/ros2_ws/install/mycobot_bringup/share/mycobot_bringup/cmake/mycobot_bringupConfig.cmake
[0.369s] -- Up-to-date: /home/piotr/ros2_ws/install/mycobot_bringup/share/mycobot_bringup/cmake/mycobot_bringupConfig-version.cmake
[0.369s] -- Up-to-date: /home/piotr/ros2_ws/install/mycobot_bringup/share/mycobot_bringup/package.xml
[0.397s] Invoked command in '/home/piotr/ros2_ws/build/mycobot_bringup' returned '0': CMAKE_PREFIX_PATH=${CMAKE_PREFIX_PATH}:/opt/ros/jazzy DEBUGINFOD_URLS=https://debuginfod.ubuntu.com /usr/bin/cmake --install /home/piotr/ros2_ws/build/mycobot_bringup
