[0.011s] Invoking command in '/home/piotr/ros2_ws/build/mecanum_drive_controller': CMAKE_PREFIX_PATH=${CMAKE_PREFIX_PATH}:/opt/ros/jazzy DEBUGINFOD_URLS=https://debuginfod.ubuntu.com /usr/bin/cmake /home/piotr/ros2_ws/src/yahboom_rosmaster/mecanum_drive_controller -DCMAKE_INSTALL_PREFIX=/home/piotr/ros2_ws/install/mecanum_drive_controller
[0.068s] -- The CXX compiler identification is GNU 13.3.0
[0.084s] -- Detecting CXX compiler ABI info
[0.178s] -- Detecting CXX compiler ABI info - done
[0.183s] -- Check for working CXX compiler: /usr/bin/c++ - skipped
[0.183s] -- Detecting CXX compile features
[0.183s] -- Detecting CXX compile features - done
[0.187s] -- Found ament_cmake: 2.5.5 (/opt/ros/jazzy/share/ament_cmake/cmake)
[0.305s] -- Found Python3: /usr/bin/python3 (found version "3.12.3") found components: Interpreter 
[0.400s] -- Found controller_interface: 4.42.2 (/opt/ros/jazzy/share/controller_interface/cmake)
[0.457s] -- Found rosidl_generator_c: 4.6.7 (/opt/ros/jazzy/share/rosidl_generator_c/cmake)
[0.471s] -- Found rosidl_generator_cpp: 4.6.7 (/opt/ros/jazzy/share/rosidl_generator_cpp/cmake)
[0.487s] -- Using all available rosidl_typesupport_c: rosidl_typesupport_fastrtps_c;rosidl_typesupport_introspection_c
[0.506s] -- Using all available rosidl_typesupport_cpp: rosidl_typesupport_fastrtps_cpp;rosidl_typesupport_introspection_cpp
[0.679s] -- Found TinyXML2 via Config file: /usr/lib/x86_64-linux-gnu/cmake/tinyxml2
[0.723s] -- Found rmw_implementation_cmake: 7.3.3 (/opt/ros/jazzy/share/rmw_implementation_cmake/cmake)
[0.727s] -- Found rmw_cyclonedds_cpp: 2.2.3 (/opt/ros/jazzy/share/rmw_cyclonedds_cpp/cmake)
[0.756s] -- Using RMW implementation 'rmw_cyclonedds_cpp' as default
[1.015s] -- Found generate_parameter_library: 0.6.0 (/opt/ros/jazzy/share/generate_parameter_library/cmake)
[1.018s] -- Found parameter_traits: 0.6.0 (/opt/ros/jazzy/share/parameter_traits/cmake)
[1.042s] -- Found nav_msgs: 5.3.6 (/opt/ros/jazzy/share/nav_msgs/cmake)
[1.062s] -- Found tf2: 0.36.19 (/opt/ros/jazzy/share/tf2/cmake)
[1.067s] -- Found tf2_msgs: 0.36.19 (/opt/ros/jazzy/share/tf2_msgs/cmake)
[1.092s] -- Found ament_cmake_gmock: 2.5.5 (/opt/ros/jazzy/share/ament_cmake_gmock/cmake)
[1.096s] -- Found controller_manager: 4.42.2 (/opt/ros/jazzy/share/controller_manager/cmake)
[1.157s] -- Found ros2_control_test_assets: 4.42.2 (/opt/ros/jazzy/share/ros2_control_test_assets/cmake)
[1.220s] -- Configuring done (1.2s)
[1.241s] -- Generating done (0.0s)
[1.245s] -- Build files have been written to: /home/piotr/ros2_ws/build/mecanum_drive_controller
[1.254s] Invoked command in '/home/piotr/ros2_ws/build/mecanum_drive_controller' returned '0': CMAKE_PREFIX_PATH=${CMAKE_PREFIX_PATH}:/opt/ros/jazzy DEBUGINFOD_URLS=https://debuginfod.ubuntu.com /usr/bin/cmake /home/piotr/ros2_ws/src/yahboom_rosmaster/mecanum_drive_controller -DCMAKE_INSTALL_PREFIX=/home/piotr/ros2_ws/install/mecanum_drive_controller
[1.254s] Invoking command in '/home/piotr/ros2_ws/build/mecanum_drive_controller': CMAKE_PREFIX_PATH=${CMAKE_PREFIX_PATH}:/opt/ros/jazzy DEBUGINFOD_URLS=https://debuginfod.ubuntu.com /usr/bin/cmake --build /home/piotr/ros2_ws/build/mecanum_drive_controller -- -j16 -l16
[1.309s] [ 16%] [34m[1mRunning `/opt/ros/jazzy/bin/generate_parameter_library_cpp /home/piotr/ros2_ws/build/mecanum_drive_controller/include/mecanum_drive_controller/mecanum_drive_controller_parameters.hpp /home/piotr/ros2_ws/src/yahboom_rosmaster/mecanum_drive_controller/src/mecanum_drive_controller_parameter.yaml `[0m
[2.101s] [ 33%] [34m[1mCreating deprecated header file /home/piotr/ros2_ws/build/mecanum_drive_controller/include/mecanum_drive_controller_parameters.hpp[0m
[2.121s] [ 33%] Built target mecanum_drive_controller_parameters
[2.141s] [ 50%] [32mBuilding CXX object CMakeFiles/mecanum_drive_controller.dir/src/speed_limiter.cpp.o[0m
[2.141s] [ 66%] [32mBuilding CXX object CMakeFiles/mecanum_drive_controller.dir/src/odometry.cpp.o[0m
[2.141s] [ 83%] [32mBuilding CXX object CMakeFiles/mecanum_drive_controller.dir/src/mecanum_drive_controller.cpp.o[0m
[3.895s] In file included from [01m[K/home/piotr/ros2_ws/src/yahboom_rosmaster/mecanum_drive_controller/include/mecanum_drive_controller/mecanum_drive_controller.hpp:37[m[K,
[3.895s]                  from [01m[K/home/piotr/ros2_ws/src/yahboom_rosmaster/mecanum_drive_controller/src/mecanum_drive_controller.cpp:42[m[K:
[3.895s] [01m[K/opt/ros/jazzy/include/realtime_tools/realtime_tools/realtime_box.hpp:40:151:[m[K [01;36m[Knote: [m[K‘[01m[K#pragma message: 'RealtimeBox' is deprecated. Please update your code to use 'realtime_thread_safe_box.hpp' header, and class name 'RealtimeThreadSafeBox' instead.[m[K’
[3.896s]    40 |   "'RealtimeBox' is deprecated. Please update your code to use 'realtime_thread_safe_box.hpp' header, and class name 'RealtimeThreadSafeBox' instead."[01;36m[K)[m[K  //NOLINT
[3.896s]       |                                                                                                                                                       [01;36m[K^[m[K
[9.957s] [100%] [32m[1mLinking CXX shared library libmecanum_drive_controller.so[0m
[10.300s] [100%] Built target mecanum_drive_controller
[10.310s] Invoked command in '/home/piotr/ros2_ws/build/mecanum_drive_controller' returned '0': CMAKE_PREFIX_PATH=${CMAKE_PREFIX_PATH}:/opt/ros/jazzy DEBUGINFOD_URLS=https://debuginfod.ubuntu.com /usr/bin/cmake --build /home/piotr/ros2_ws/build/mecanum_drive_controller -- -j16 -l16
[10.320s] Invoking command in '/home/piotr/ros2_ws/build/mecanum_drive_controller': CMAKE_PREFIX_PATH=${CMAKE_PREFIX_PATH}:/opt/ros/jazzy DEBUGINFOD_URLS=https://debuginfod.ubuntu.com /usr/bin/cmake --install /home/piotr/ros2_ws/build/mecanum_drive_controller
[10.327s] -- Install configuration: ""
[10.327s] -- Installing: /home/piotr/ros2_ws/install/mecanum_drive_controller/include/mecanum_drive_controller
[10.328s] -- Installing: /home/piotr/ros2_ws/install/mecanum_drive_controller/include/mecanum_drive_controller/mecanum_drive_controller_parameters.hpp
[10.328s] -- Installing: /home/piotr/ros2_ws/install/mecanum_drive_controller/share/mecanum_drive_controller/mecanum_drive_plugin.xml
[10.328s] -- Up-to-date: /home/piotr/ros2_ws/install/mecanum_drive_controller/include/mecanum_drive_controller
[10.328s] -- Installing: /home/piotr/ros2_ws/install/mecanum_drive_controller/include/mecanum_drive_controller/mecanum_drive_controller
[10.328s] -- Installing: /home/piotr/ros2_ws/install/mecanum_drive_controller/include/mecanum_drive_controller/mecanum_drive_controller/visibility_control.h
[10.328s] -- Installing: /home/piotr/ros2_ws/install/mecanum_drive_controller/include/mecanum_drive_controller/mecanum_drive_controller/odometry.hpp
[10.328s] -- Installing: /home/piotr/ros2_ws/install/mecanum_drive_controller/include/mecanum_drive_controller/mecanum_drive_controller/mecanum_drive_controller.hpp
[10.329s] -- Installing: /home/piotr/ros2_ws/install/mecanum_drive_controller/include/mecanum_drive_controller/mecanum_drive_controller/speed_limiter.hpp
[10.329s] -- Installing: /home/piotr/ros2_ws/install/mecanum_drive_controller/lib/libmecanum_drive_controller.so
[10.334s] -- Set non-toolchain portion of runtime path of "/home/piotr/ros2_ws/install/mecanum_drive_controller/lib/libmecanum_drive_controller.so" to ""
[10.334s] -- Installing: /home/piotr/ros2_ws/install/mecanum_drive_controller/share/mecanum_drive_controller/environment/library_path.sh
[10.334s] -- Installing: /home/piotr/ros2_ws/install/mecanum_drive_controller/share/mecanum_drive_controller/environment/library_path.dsv
[10.334s] -- Installing: /home/piotr/ros2_ws/install/mecanum_drive_controller/share/ament_index/resource_index/package_run_dependencies/mecanum_drive_controller
[10.335s] -- Installing: /home/piotr/ros2_ws/install/mecanum_drive_controller/share/ament_index/resource_index/parent_prefix_path/mecanum_drive_controller
[10.335s] -- Installing: /home/piotr/ros2_ws/install/mecanum_drive_controller/share/mecanum_drive_controller/environment/ament_prefix_path.sh
[10.335s] -- Installing: /home/piotr/ros2_ws/install/mecanum_drive_controller/share/mecanum_drive_controller/environment/ament_prefix_path.dsv
[10.335s] -- Installing: /home/piotr/ros2_ws/install/mecanum_drive_controller/share/mecanum_drive_controller/environment/path.sh
[10.335s] -- Installing: /home/piotr/ros2_ws/install/mecanum_drive_controller/share/mecanum_drive_controller/environment/path.dsv
[10.335s] -- Installing: /home/piotr/ros2_ws/install/mecanum_drive_controller/share/mecanum_drive_controller/local_setup.bash
[10.335s] -- Installing: /home/piotr/ros2_ws/install/mecanum_drive_controller/share/mecanum_drive_controller/local_setup.sh
[10.335s] -- Installing: /home/piotr/ros2_ws/install/mecanum_drive_controller/share/mecanum_drive_controller/local_setup.zsh
[10.335s] -- Installing: /home/piotr/ros2_ws/install/mecanum_drive_controller/share/mecanum_drive_controller/local_setup.dsv
[10.335s] -- Installing: /home/piotr/ros2_ws/install/mecanum_drive_controller/share/mecanum_drive_controller/package.dsv
[10.335s] -- Installing: /home/piotr/ros2_ws/install/mecanum_drive_controller/share/ament_index/resource_index/packages/mecanum_drive_controller
[10.335s] -- Installing: /home/piotr/ros2_ws/install/mecanum_drive_controller/share/ament_index/resource_index/controller_interface__pluginlib__plugin/mecanum_drive_controller
[10.336s] -- Installing: /home/piotr/ros2_ws/install/mecanum_drive_controller/share/mecanum_drive_controller/cmake/export_mecanum_drive_controllerExport.cmake
[10.336s] -- Installing: /home/piotr/ros2_ws/install/mecanum_drive_controller/share/mecanum_drive_controller/cmake/export_mecanum_drive_controllerExport-noconfig.cmake
[10.336s] -- Installing: /home/piotr/ros2_ws/install/mecanum_drive_controller/share/mecanum_drive_controller/cmake/ament_cmake_export_dependencies-extras.cmake
[10.336s] -- Installing: /home/piotr/ros2_ws/install/mecanum_drive_controller/share/mecanum_drive_controller/cmake/ament_cmake_export_targets-extras.cmake
[10.336s] -- Installing: /home/piotr/ros2_ws/install/mecanum_drive_controller/share/mecanum_drive_controller/cmake/mecanum_drive_controllerConfig.cmake
[10.336s] -- Installing: /home/piotr/ros2_ws/install/mecanum_drive_controller/share/mecanum_drive_controller/cmake/mecanum_drive_controllerConfig-version.cmake
[10.336s] -- Installing: /home/piotr/ros2_ws/install/mecanum_drive_controller/share/mecanum_drive_controller/package.xml
[10.338s] Invoked command in '/home/piotr/ros2_ws/build/mecanum_drive_controller' returned '0': CMAKE_PREFIX_PATH=${CMAKE_PREFIX_PATH}:/opt/ros/jazzy DEBUGINFOD_URLS=https://debuginfod.ubuntu.com /usr/bin/cmake --install /home/piotr/ros2_ws/build/mecanum_drive_controller
