[0.026s] Invoking command in '/home/piotr/ros2_ws/build/mycobot_moveit_config': CMAKE_PREFIX_PATH=${CMAKE_PREFIX_PATH}:/opt/ros/jazzy DEBUGINFOD_URLS=https://debuginfod.ubuntu.com /usr/bin/cmake /home/piotr/ros2_ws/src/mycobot_ros2/mycobot_moveit_config -DCMAKE_INSTALL_PREFIX=/home/piotr/ros2_ws/install/mycobot_moveit_config
[0.053s] -- Found ament_cmake: 2.5.5 (/opt/ros/jazzy/share/ament_cmake/cmake)
[0.211s] -- Found ament_lint_auto: 0.17.4 (/opt/ros/jazzy/share/ament_lint_auto/cmake)
[0.284s] -- Added test 'flake8' to check Python code syntax and style conventions
[0.284s] -- Configured 'flake8' exclude dirs and/or files: 
[0.284s] -- Added test 'lint_cmake' to check CMake code style
[0.284s] -- Added test 'pep257' to check Python code against some of the docstring style conventions in PEP 257
[0.285s] -- Added test 'xmllint' to check XML markup files
[0.286s] -- Configuring done (0.3s)
[0.288s] -- Generating done (0.0s)
[0.290s] -- Build files have been written to: /home/piotr/ros2_ws/build/mycobot_moveit_config
[0.296s] Invoked command in '/home/piotr/ros2_ws/build/mycobot_moveit_config' returned '0': CMAKE_PREFIX_PATH=${CMAKE_PREFIX_PATH}:/opt/ros/jazzy DEBUGINFOD_URLS=https://debuginfod.ubuntu.com /usr/bin/cmake /home/piotr/ros2_ws/src/mycobot_ros2/mycobot_moveit_config -DCMAKE_INSTALL_PREFIX=/home/piotr/ros2_ws/install/mycobot_moveit_config
[0.297s] Invoking command in '/home/piotr/ros2_ws/build/mycobot_moveit_config': CMAKE_PREFIX_PATH=${CMAKE_PREFIX_PATH}:/opt/ros/jazzy DEBUGINFOD_URLS=https://debuginfod.ubuntu.com /usr/bin/cmake --build /home/piotr/ros2_ws/build/mycobot_moveit_config -- -j16 -l16
[0.345s] Invoked command in '/home/piotr/ros2_ws/build/mycobot_moveit_config' returned '0': CMAKE_PREFIX_PATH=${CMAKE_PREFIX_PATH}:/opt/ros/jazzy DEBUGINFOD_URLS=https://debuginfod.ubuntu.com /usr/bin/cmake --build /home/piotr/ros2_ws/build/mycobot_moveit_config -- -j16 -l16
[0.345s] Invoking command in '/home/piotr/ros2_ws/build/mycobot_moveit_config': CMAKE_PREFIX_PATH=${CMAKE_PREFIX_PATH}:/opt/ros/jazzy DEBUGINFOD_URLS=https://debuginfod.ubuntu.com /usr/bin/cmake --install /home/piotr/ros2_ws/build/mycobot_moveit_config
[0.354s] -- Install configuration: ""
[0.354s] -- Up-to-date: /home/piotr/ros2_ws/install/mycobot_moveit_config/share/mycobot_moveit_config/config
[0.354s] -- Up-to-date: /home/piotr/ros2_ws/install/mycobot_moveit_config/share/mycobot_moveit_config/config/mycobot_280
[0.354s] -- Up-to-date: /home/piotr/ros2_ws/install/mycobot_moveit_config/share/mycobot_moveit_config/config/mycobot_280/ros2_controllers.yaml
[0.354s] -- Up-to-date: /home/piotr/ros2_ws/install/mycobot_moveit_config/share/mycobot_moveit_config/config/mycobot_280/ros2_controllers_template.yaml
[0.354s] -- Up-to-date: /home/piotr/ros2_ws/install/mycobot_moveit_config/share/mycobot_moveit_config/launch
[0.354s] -- Up-to-date: /home/piotr/ros2_ws/install/mycobot_moveit_config/share/mycobot_moveit_config/launch/load_ros2_controllers.launch.py
[0.354s] -- Up-to-date: /home/piotr/ros2_ws/install/mycobot_moveit_config/share/ament_index/resource_index/package_run_dependencies/mycobot_moveit_config
[0.354s] -- Up-to-date: /home/piotr/ros2_ws/install/mycobot_moveit_config/share/ament_index/resource_index/parent_prefix_path/mycobot_moveit_config
[0.354s] -- Up-to-date: /home/piotr/ros2_ws/install/mycobot_moveit_config/share/mycobot_moveit_config/environment/ament_prefix_path.sh
[0.354s] -- Up-to-date: /home/piotr/ros2_ws/install/mycobot_moveit_config/share/mycobot_moveit_config/environment/ament_prefix_path.dsv
[0.354s] -- Up-to-date: /home/piotr/ros2_ws/install/mycobot_moveit_config/share/mycobot_moveit_config/environment/path.sh
[0.354s] -- Up-to-date: /home/piotr/ros2_ws/install/mycobot_moveit_config/share/mycobot_moveit_config/environment/path.dsv
[0.354s] -- Up-to-date: /home/piotr/ros2_ws/install/mycobot_moveit_config/share/mycobot_moveit_config/local_setup.bash
[0.354s] -- Up-to-date: /home/piotr/ros2_ws/install/mycobot_moveit_config/share/mycobot_moveit_config/local_setup.sh
[0.354s] -- Up-to-date: /home/piotr/ros2_ws/install/mycobot_moveit_config/share/mycobot_moveit_config/local_setup.zsh
[0.354s] -- Up-to-date: /home/piotr/ros2_ws/install/mycobot_moveit_config/share/mycobot_moveit_config/local_setup.dsv
[0.354s] -- Installing: /home/piotr/ros2_ws/install/mycobot_moveit_config/share/mycobot_moveit_config/package.dsv
[0.355s] -- Up-to-date: /home/piotr/ros2_ws/install/mycobot_moveit_config/share/ament_index/resource_index/packages/mycobot_moveit_config
[0.355s] -- Up-to-date: /home/piotr/ros2_ws/install/mycobot_moveit_config/share/mycobot_moveit_config/cmake/mycobot_moveit_configConfig.cmake
[0.355s] -- Up-to-date: /home/piotr/ros2_ws/install/mycobot_moveit_config/share/mycobot_moveit_config/cmake/mycobot_moveit_configConfig-version.cmake
[0.355s] -- Up-to-date: /home/piotr/ros2_ws/install/mycobot_moveit_config/share/mycobot_moveit_config/package.xml
[0.380s] Invoked command in '/home/piotr/ros2_ws/build/mycobot_moveit_config' returned '0': CMAKE_PREFIX_PATH=${CMAKE_PREFIX_PATH}:/opt/ros/jazzy DEBUGINFOD_URLS=https://debuginfod.ubuntu.com /usr/bin/cmake --install /home/piotr/ros2_ws/build/mycobot_moveit_config
