[0.021s] Invoking command in '/home/piotr/ros2_ws/build/yahboom_rosmaster_description': CMAKE_PREFIX_PATH=${CMAKE_PREFIX_PATH}:/opt/ros/jazzy DEBUGINFOD_URLS=https://debuginfod.ubuntu.com /usr/bin/cmake /home/piotr/ros2_ws/src/yahboom_rosmaster/yahboom_rosmaster_description -DCMAKE_INSTALL_PREFIX=/home/piotr/ros2_ws/install/yahboom_rosmaster_description
[0.045s] -- Found ament_cmake: 2.5.5 (/opt/ros/jazzy/share/ament_cmake/cmake)
[0.222s] -- Found urdf_tutorial: 1.1.0 (/opt/ros/jazzy/share/urdf_tutorial/cmake)
[0.222s] -- Found ament_lint_auto: 0.17.4 (/opt/ros/jazzy/share/ament_lint_auto/cmake)
[0.321s] -- Added test 'flake8' to check Python code syntax and style conventions
[0.321s] -- Configured 'flake8' exclude dirs and/or files: 
[0.322s] -- Added test 'lint_cmake' to check CMake code style
[0.322s] -- Added test 'pep257' to check Python code against some of the docstring style conventions in PEP 257
[0.325s] -- Added test 'xmllint' to check XML markup files
[0.325s] -- Configuring done (0.3s)
[0.328s] -- Generating done (0.0s)
[0.330s] -- Build files have been written to: /home/piotr/ros2_ws/build/yahboom_rosmaster_description
[0.335s] Invoked command in '/home/piotr/ros2_ws/build/yahboom_rosmaster_description' returned '0': CMAKE_PREFIX_PATH=${CMAKE_PREFIX_PATH}:/opt/ros/jazzy DEBUGINFOD_URLS=https://debuginfod.ubuntu.com /usr/bin/cmake /home/piotr/ros2_ws/src/yahboom_rosmaster/yahboom_rosmaster_description -DCMAKE_INSTALL_PREFIX=/home/piotr/ros2_ws/install/yahboom_rosmaster_description
[0.335s] Invoking command in '/home/piotr/ros2_ws/build/yahboom_rosmaster_description': CMAKE_PREFIX_PATH=${CMAKE_PREFIX_PATH}:/opt/ros/jazzy DEBUGINFOD_URLS=https://debuginfod.ubuntu.com /usr/bin/cmake --build /home/piotr/ros2_ws/build/yahboom_rosmaster_description -- -j16 -l16
[0.386s] Invoked command in '/home/piotr/ros2_ws/build/yahboom_rosmaster_description' returned '0': CMAKE_PREFIX_PATH=${CMAKE_PREFIX_PATH}:/opt/ros/jazzy DEBUGINFOD_URLS=https://debuginfod.ubuntu.com /usr/bin/cmake --build /home/piotr/ros2_ws/build/yahboom_rosmaster_description -- -j16 -l16
[0.387s] Invoking command in '/home/piotr/ros2_ws/build/yahboom_rosmaster_description': CMAKE_PREFIX_PATH=${CMAKE_PREFIX_PATH}:/opt/ros/jazzy DEBUGINFOD_URLS=https://debuginfod.ubuntu.com /usr/bin/cmake --install /home/piotr/ros2_ws/build/yahboom_rosmaster_description
[0.394s] -- Install configuration: ""
[0.395s] -- Up-to-date: /home/piotr/ros2_ws/install/yahboom_rosmaster_description/share/yahboom_rosmaster_description/launch
[0.395s] -- Up-to-date: /home/piotr/ros2_ws/install/yahboom_rosmaster_description/share/yahboom_rosmaster_description/launch/robot_state_publisher.launch.py
[0.395s] -- Up-to-date: /home/piotr/ros2_ws/install/yahboom_rosmaster_description/share/yahboom_rosmaster_description/meshes
[0.395s] -- Up-to-date: /home/piotr/ros2_ws/install/yahboom_rosmaster_description/share/yahboom_rosmaster_description/meshes/rplidar
[0.395s] -- Up-to-date: /home/piotr/ros2_ws/install/yahboom_rosmaster_description/share/yahboom_rosmaster_description/meshes/rplidar/rplidar_s2.stl
[0.395s] -- Up-to-date: /home/piotr/ros2_ws/install/yahboom_rosmaster_description/share/yahboom_rosmaster_description/meshes/rosmaster_x3
[0.395s] -- Up-to-date: /home/piotr/ros2_ws/install/yahboom_rosmaster_description/share/yahboom_rosmaster_description/meshes/rosmaster_x3/visual
[0.395s] -- Up-to-date: /home/piotr/ros2_ws/install/yahboom_rosmaster_description/share/yahboom_rosmaster_description/meshes/rosmaster_x3/visual/front_right_wheel_X3.STL
[0.395s] -- Up-to-date: /home/piotr/ros2_ws/install/yahboom_rosmaster_description/share/yahboom_rosmaster_description/meshes/rosmaster_x3/visual/back_right_wheel_X3.STL
[0.395s] -- Up-to-date: /home/piotr/ros2_ws/install/yahboom_rosmaster_description/share/yahboom_rosmaster_description/meshes/rosmaster_x3/visual/laser_link.STL
[0.395s] -- Up-to-date: /home/piotr/ros2_ws/install/yahboom_rosmaster_description/share/yahboom_rosmaster_description/meshes/rosmaster_x3/visual/camera_link.STL
[0.395s] -- Up-to-date: /home/piotr/ros2_ws/install/yahboom_rosmaster_description/share/yahboom_rosmaster_description/meshes/rosmaster_x3/visual/back_left_wheel_X3.STL
[0.395s] -- Up-to-date: /home/piotr/ros2_ws/install/yahboom_rosmaster_description/share/yahboom_rosmaster_description/meshes/rosmaster_x3/visual/base_link_X3.STL
[0.396s] -- Up-to-date: /home/piotr/ros2_ws/install/yahboom_rosmaster_description/share/yahboom_rosmaster_description/meshes/rosmaster_x3/visual/front_left_wheel_X3.STL
[0.396s] -- Up-to-date: /home/piotr/ros2_ws/install/yahboom_rosmaster_description/share/yahboom_rosmaster_description/meshes/intel_realsense
[0.396s] -- Up-to-date: /home/piotr/ros2_ws/install/yahboom_rosmaster_description/share/yahboom_rosmaster_description/meshes/intel_realsense/visual
[0.396s] -- Up-to-date: /home/piotr/ros2_ws/install/yahboom_rosmaster_description/share/yahboom_rosmaster_description/meshes/intel_realsense/visual/d435.stl
[0.396s] -- Up-to-date: /home/piotr/ros2_ws/install/yahboom_rosmaster_description/share/yahboom_rosmaster_description/urdf
[0.396s] -- Up-to-date: /home/piotr/ros2_ws/install/yahboom_rosmaster_description/share/yahboom_rosmaster_description/urdf/control
[0.396s] -- Up-to-date: /home/piotr/ros2_ws/install/yahboom_rosmaster_description/share/yahboom_rosmaster_description/urdf/control/rosmaster_x3_ros2_control.urdf.xacro
[0.396s] -- Up-to-date: /home/piotr/ros2_ws/install/yahboom_rosmaster_description/share/yahboom_rosmaster_description/urdf/control/velocity_control_plugin.urdf.xacro
[0.396s] -- Up-to-date: /home/piotr/ros2_ws/install/yahboom_rosmaster_description/share/yahboom_rosmaster_description/urdf/control/gazebo_sim_ros2_control.urdf.xacro
[0.396s] -- Up-to-date: /home/piotr/ros2_ws/install/yahboom_rosmaster_description/share/yahboom_rosmaster_description/urdf/mech
[0.396s] -- Up-to-date: /home/piotr/ros2_ws/install/yahboom_rosmaster_description/share/yahboom_rosmaster_description/urdf/mech/mecanum_wheel.urdf.xacro
[0.396s] -- Up-to-date: /home/piotr/ros2_ws/install/yahboom_rosmaster_description/share/yahboom_rosmaster_description/urdf/mech/rosmaster_x3_base.urdf.xacro
[0.396s] -- Up-to-date: /home/piotr/ros2_ws/install/yahboom_rosmaster_description/share/yahboom_rosmaster_description/urdf/sensors
[0.396s] -- Up-to-date: /home/piotr/ros2_ws/install/yahboom_rosmaster_description/share/yahboom_rosmaster_description/urdf/sensors/imu.urdf.xacro
[0.396s] -- Up-to-date: /home/piotr/ros2_ws/install/yahboom_rosmaster_description/share/yahboom_rosmaster_description/urdf/sensors/rgbd_camera.urdf.xacro
[0.396s] -- Up-to-date: /home/piotr/ros2_ws/install/yahboom_rosmaster_description/share/yahboom_rosmaster_description/urdf/sensors/lidar.urdf.xacro
[0.396s] -- Up-to-date: /home/piotr/ros2_ws/install/yahboom_rosmaster_description/share/yahboom_rosmaster_description/urdf/robots
[0.396s] -- Up-to-date: /home/piotr/ros2_ws/install/yahboom_rosmaster_description/share/yahboom_rosmaster_description/urdf/robots/rosmaster_x3.urdf.xacro
[0.396s] -- Up-to-date: /home/piotr/ros2_ws/install/yahboom_rosmaster_description/share/yahboom_rosmaster_description/rviz
[0.396s] -- Up-to-date: /home/piotr/ros2_ws/install/yahboom_rosmaster_description/share/yahboom_rosmaster_description/rviz/yahboom_rosmaster_description.rviz
[0.396s] -- Up-to-date: /home/piotr/ros2_ws/install/yahboom_rosmaster_description/share/yahboom_rosmaster_description/config
[0.396s] -- Up-to-date: /home/piotr/ros2_ws/install/yahboom_rosmaster_description/share/yahboom_rosmaster_description/config/rosmaster_x3
[0.396s] -- Up-to-date: /home/piotr/ros2_ws/install/yahboom_rosmaster_description/share/yahboom_rosmaster_description/config/rosmaster_x3/ros2_controllers.yaml
[0.396s] -- Installing: /home/piotr/ros2_ws/install/yahboom_rosmaster_description/share/yahboom_rosmaster_description/config/rosmaster_x3/ros2_controllers_template.yaml
[0.397s] -- Up-to-date: /home/piotr/ros2_ws/install/yahboom_rosmaster_description/share/ament_index/resource_index/package_run_dependencies/yahboom_rosmaster_description
[0.397s] -- Up-to-date: /home/piotr/ros2_ws/install/yahboom_rosmaster_description/share/ament_index/resource_index/parent_prefix_path/yahboom_rosmaster_description
[0.397s] -- Up-to-date: /home/piotr/ros2_ws/install/yahboom_rosmaster_description/share/yahboom_rosmaster_description/environment/ament_prefix_path.sh
[0.397s] -- Up-to-date: /home/piotr/ros2_ws/install/yahboom_rosmaster_description/share/yahboom_rosmaster_description/environment/ament_prefix_path.dsv
[0.397s] -- Up-to-date: /home/piotr/ros2_ws/install/yahboom_rosmaster_description/share/yahboom_rosmaster_description/environment/path.sh
[0.397s] -- Up-to-date: /home/piotr/ros2_ws/install/yahboom_rosmaster_description/share/yahboom_rosmaster_description/environment/path.dsv
[0.397s] -- Up-to-date: /home/piotr/ros2_ws/install/yahboom_rosmaster_description/share/yahboom_rosmaster_description/local_setup.bash
[0.397s] -- Up-to-date: /home/piotr/ros2_ws/install/yahboom_rosmaster_description/share/yahboom_rosmaster_description/local_setup.sh
[0.397s] -- Up-to-date: /home/piotr/ros2_ws/install/yahboom_rosmaster_description/share/yahboom_rosmaster_description/local_setup.zsh
[0.397s] -- Up-to-date: /home/piotr/ros2_ws/install/yahboom_rosmaster_description/share/yahboom_rosmaster_description/local_setup.dsv
[0.397s] -- Installing: /home/piotr/ros2_ws/install/yahboom_rosmaster_description/share/yahboom_rosmaster_description/package.dsv
[0.397s] -- Up-to-date: /home/piotr/ros2_ws/install/yahboom_rosmaster_description/share/ament_index/resource_index/packages/yahboom_rosmaster_description
[0.397s] -- Up-to-date: /home/piotr/ros2_ws/install/yahboom_rosmaster_description/share/yahboom_rosmaster_description/cmake/yahboom_rosmaster_descriptionConfig.cmake
[0.397s] -- Up-to-date: /home/piotr/ros2_ws/install/yahboom_rosmaster_description/share/yahboom_rosmaster_description/cmake/yahboom_rosmaster_descriptionConfig-version.cmake
[0.397s] -- Up-to-date: /home/piotr/ros2_ws/install/yahboom_rosmaster_description/share/yahboom_rosmaster_description/package.xml
[0.398s] Invoked command in '/home/piotr/ros2_ws/build/yahboom_rosmaster_description' returned '0': CMAKE_PREFIX_PATH=${CMAKE_PREFIX_PATH}:/opt/ros/jazzy DEBUGINFOD_URLS=https://debuginfod.ubuntu.com /usr/bin/cmake --install /home/piotr/ros2_ws/build/yahboom_rosmaster_description
