[0.033s] Invoking command in '/home/piotr/ros2_ws/build/mycobot_bringup': CMAKE_PREFIX_PATH=${CMAKE_PREFIX_PATH}:/opt/ros/jazzy DEBUGINFOD_URLS=https://debuginfod.ubuntu.com /usr/bin/cmake --build /home/piotr/ros2_ws/build/mycobot_bringup -- -j16 -l16
[0.070s] Invoked command in '/home/piotr/ros2_ws/build/mycobot_bringup' returned '0': CMAKE_PREFIX_PATH=${CMAKE_PREFIX_PATH}:/opt/ros/jazzy DEBUGINFOD_URLS=https://debuginfod.ubuntu.com /usr/bin/cmake --build /home/piotr/ros2_ws/build/mycobot_bringup -- -j16 -l16
[0.077s] Invoking command in '/home/piotr/ros2_ws/build/mycobot_bringup': CMAKE_PREFIX_PATH=${CMAKE_PREFIX_PATH}:/opt/ros/jazzy DEBUGINFOD_URLS=https://debuginfod.ubuntu.com /usr/bin/cmake --install /home/piotr/ros2_ws/build/mycobot_bringup
[0.084s] -- Install configuration: ""
[0.084s] -- Up-to-date: /home/piotr/ros2_ws/install/mycobot_bringup/share/mycobot_bringup/scripts
[0.084s] -- Up-to-date: /home/piotr/ros2_ws/install/mycobot_bringup/share/mycobot_bringup/scripts/mycobot_280_gazebo.sh
[0.084s] -- Up-to-date: /home/piotr/ros2_ws/install/mycobot_bringup/share/ament_index/resource_index/package_run_dependencies/mycobot_bringup
[0.084s] -- Up-to-date: /home/piotr/ros2_ws/install/mycobot_bringup/share/ament_index/resource_index/parent_prefix_path/mycobot_bringup
[0.084s] -- Up-to-date: /home/piotr/ros2_ws/install/mycobot_bringup/share/mycobot_bringup/environment/ament_prefix_path.sh
[0.084s] -- Up-to-date: /home/piotr/ros2_ws/install/mycobot_bringup/share/mycobot_bringup/environment/ament_prefix_path.dsv
[0.085s] -- Up-to-date: /home/piotr/ros2_ws/install/mycobot_bringup/share/mycobot_bringup/environment/path.sh
[0.085s] -- Up-to-date: /home/piotr/ros2_ws/install/mycobot_bringup/share/mycobot_bringup/environment/path.dsv
[0.085s] -- Up-to-date: /home/piotr/ros2_ws/install/mycobot_bringup/share/mycobot_bringup/local_setup.bash
[0.085s] -- Up-to-date: /home/piotr/ros2_ws/install/mycobot_bringup/share/mycobot_bringup/local_setup.sh
[0.085s] -- Up-to-date: /home/piotr/ros2_ws/install/mycobot_bringup/share/mycobot_bringup/local_setup.zsh
[0.085s] -- Up-to-date: /home/piotr/ros2_ws/install/mycobot_bringup/share/mycobot_bringup/local_setup.dsv
[0.085s] -- Installing: /home/piotr/ros2_ws/install/mycobot_bringup/share/mycobot_bringup/package.dsv
[0.085s] -- Up-to-date: /home/piotr/ros2_ws/install/mycobot_bringup/share/ament_index/resource_index/packages/mycobot_bringup
[0.085s] -- Up-to-date: /home/piotr/ros2_ws/install/mycobot_bringup/share/mycobot_bringup/cmake/mycobot_bringupConfig.cmake
[0.085s] -- Up-to-date: /home/piotr/ros2_ws/install/mycobot_bringup/share/mycobot_bringup/cmake/mycobot_bringupConfig-version.cmake
[0.085s] -- Up-to-date: /home/piotr/ros2_ws/install/mycobot_bringup/share/mycobot_bringup/package.xml
[0.091s] Invoked command in '/home/piotr/ros2_ws/build/mycobot_bringup' returned '0': CMAKE_PREFIX_PATH=${CMAKE_PREFIX_PATH}:/opt/ros/jazzy DEBUGINFOD_URLS=https://debuginfod.ubuntu.com /usr/bin/cmake --install /home/piotr/ros2_ws/build/mycobot_bringup
