[0.037s] Invoking command in '/home/piotr/ros2_ws/build/mecanum_drive_controller': CMAKE_PREFIX_PATH=${CMAKE_PREFIX_PATH}:/opt/ros/jazzy DEBUGINFOD_URLS=https://debuginfod.ubuntu.com /usr/bin/cmake /home/piotr/ros2_ws/src/yahboom_rosmaster/mecanum_drive_controller -DCMAKE_EXPORT_COMPILE_COMMANDS=ON -DCMAKE_INSTALL_PREFIX=/home/piotr/ros2_ws/install/mecanum_drive_controller
[0.050s] -- Found ament_cmake: 2.5.5 (/opt/ros/jazzy/share/ament_cmake/cmake)
[0.242s] -- Found controller_interface: 4.42.2 (/opt/ros/jazzy/share/controller_interface/cmake)
[0.276s] -- Found rosidl_generator_c: 4.6.7 (/opt/ros/jazzy/share/rosidl_generator_c/cmake)
[0.282s] -- Found rosidl_generator_cpp: 4.6.7 (/opt/ros/jazzy/share/rosidl_generator_cpp/cmake)
[0.292s] -- Using all available rosidl_typesupport_c: rosidl_typesupport_fastrtps_c;rosidl_typesupport_introspection_c
[0.302s] -- Using all available rosidl_typesupport_cpp: rosidl_typesupport_fastrtps_cpp;rosidl_typesupport_introspection_cpp
[0.444s] -- Found TinyXML2 via Config file: /usr/lib/x86_64-linux-gnu/cmake/tinyxml2
[0.467s] -- Found rmw_implementation_cmake: 7.3.3 (/opt/ros/jazzy/share/rmw_implementation_cmake/cmake)
[0.468s] -- Found rmw_cyclonedds_cpp: 2.2.3 (/opt/ros/jazzy/share/rmw_cyclonedds_cpp/cmake)
[0.487s] -- Using RMW implementation 'rmw_cyclonedds_cpp' as default
[0.582s] -- Found generate_parameter_library: 0.6.0 (/opt/ros/jazzy/share/generate_parameter_library/cmake)
[0.582s] -- Found parameter_traits: 0.6.0 (/opt/ros/jazzy/share/parameter_traits/cmake)
[0.588s] -- Found nav_msgs: 5.3.6 (/opt/ros/jazzy/share/nav_msgs/cmake)
[0.607s] -- Found tf2: 0.36.19 (/opt/ros/jazzy/share/tf2/cmake)
[0.610s] -- Found tf2_msgs: 0.36.19 (/opt/ros/jazzy/share/tf2_msgs/cmake)
[0.632s] -- Found ament_cmake_gmock: 2.5.5 (/opt/ros/jazzy/share/ament_cmake_gmock/cmake)
[0.633s] -- Found controller_manager: 4.42.2 (/opt/ros/jazzy/share/controller_manager/cmake)
[0.684s] -- Found ros2_control_test_assets: 4.42.2 (/opt/ros/jazzy/share/ros2_control_test_assets/cmake)
[0.748s] -- Configuring done (0.7s)
[0.766s] -- Generating done (0.0s)
[0.769s] -- Build files have been written to: /home/piotr/ros2_ws/build/mecanum_drive_controller
[0.779s] Invoked command in '/home/piotr/ros2_ws/build/mecanum_drive_controller' returned '0': CMAKE_PREFIX_PATH=${CMAKE_PREFIX_PATH}:/opt/ros/jazzy DEBUGINFOD_URLS=https://debuginfod.ubuntu.com /usr/bin/cmake /home/piotr/ros2_ws/src/yahboom_rosmaster/mecanum_drive_controller -DCMAKE_EXPORT_COMPILE_COMMANDS=ON -DCMAKE_INSTALL_PREFIX=/home/piotr/ros2_ws/install/mecanum_drive_controller
[0.780s] Invoking command in '/home/piotr/ros2_ws/build/mecanum_drive_controller': CMAKE_PREFIX_PATH=${CMAKE_PREFIX_PATH}:/opt/ros/jazzy DEBUGINFOD_URLS=https://debuginfod.ubuntu.com /usr/bin/cmake --build /home/piotr/ros2_ws/build/mecanum_drive_controller -- -j16 -l16
[0.827s] [ 33%] Built target mecanum_drive_controller_parameters
[0.856s] [100%] Built target mecanum_drive_controller
[0.867s] Invoked command in '/home/piotr/ros2_ws/build/mecanum_drive_controller' returned '0': CMAKE_PREFIX_PATH=${CMAKE_PREFIX_PATH}:/opt/ros/jazzy DEBUGINFOD_URLS=https://debuginfod.ubuntu.com /usr/bin/cmake --build /home/piotr/ros2_ws/build/mecanum_drive_controller -- -j16 -l16
[0.868s] Invoking command in '/home/piotr/ros2_ws/build/mecanum_drive_controller': CMAKE_PREFIX_PATH=${CMAKE_PREFIX_PATH}:/opt/ros/jazzy DEBUGINFOD_URLS=https://debuginfod.ubuntu.com /usr/bin/cmake --install /home/piotr/ros2_ws/build/mecanum_drive_controller
[0.876s] -- Install configuration: ""
[0.876s] -- Up-to-date: /home/piotr/ros2_ws/install/mecanum_drive_controller/include/mecanum_drive_controller
[0.876s] -- Up-to-date: /home/piotr/ros2_ws/install/mecanum_drive_controller/include/mecanum_drive_controller/mecanum_drive_controller_parameters.hpp
[0.876s] -- Up-to-date: /home/piotr/ros2_ws/install/mecanum_drive_controller/share/mecanum_drive_controller/mecanum_drive_plugin.xml
[0.876s] -- Up-to-date: /home/piotr/ros2_ws/install/mecanum_drive_controller/include/mecanum_drive_controller
[0.876s] -- Up-to-date: /home/piotr/ros2_ws/install/mecanum_drive_controller/include/mecanum_drive_controller/mecanum_drive_controller
[0.876s] -- Up-to-date: /home/piotr/ros2_ws/install/mecanum_drive_controller/include/mecanum_drive_controller/mecanum_drive_controller/visibility_control.h
[0.876s] -- Up-to-date: /home/piotr/ros2_ws/install/mecanum_drive_controller/include/mecanum_drive_controller/mecanum_drive_controller/odometry.hpp
[0.876s] -- Up-to-date: /home/piotr/ros2_ws/install/mecanum_drive_controller/include/mecanum_drive_controller/mecanum_drive_controller/mecanum_drive_controller.hpp
[0.876s] -- Up-to-date: /home/piotr/ros2_ws/install/mecanum_drive_controller/include/mecanum_drive_controller/mecanum_drive_controller/speed_limiter.hpp
[0.876s] -- Up-to-date: /home/piotr/ros2_ws/install/mecanum_drive_controller/lib/libmecanum_drive_controller.so
[0.876s] -- Up-to-date: /home/piotr/ros2_ws/install/mecanum_drive_controller/share/mecanum_drive_controller/environment/library_path.sh
[0.876s] -- Up-to-date: /home/piotr/ros2_ws/install/mecanum_drive_controller/share/mecanum_drive_controller/environment/library_path.dsv
[0.876s] -- Up-to-date: /home/piotr/ros2_ws/install/mecanum_drive_controller/share/ament_index/resource_index/package_run_dependencies/mecanum_drive_controller
[0.876s] -- Installing: /home/piotr/ros2_ws/install/mecanum_drive_controller/share/ament_index/resource_index/parent_prefix_path/mecanum_drive_controller
[0.876s] -- Up-to-date: /home/piotr/ros2_ws/install/mecanum_drive_controller/share/mecanum_drive_controller/environment/ament_prefix_path.sh
[0.877s] -- Up-to-date: /home/piotr/ros2_ws/install/mecanum_drive_controller/share/mecanum_drive_controller/environment/ament_prefix_path.dsv
[0.877s] -- Up-to-date: /home/piotr/ros2_ws/install/mecanum_drive_controller/share/mecanum_drive_controller/environment/path.sh
[0.877s] -- Up-to-date: /home/piotr/ros2_ws/install/mecanum_drive_controller/share/mecanum_drive_controller/environment/path.dsv
[0.877s] -- Up-to-date: /home/piotr/ros2_ws/install/mecanum_drive_controller/share/mecanum_drive_controller/local_setup.bash
[0.877s] -- Up-to-date: /home/piotr/ros2_ws/install/mecanum_drive_controller/share/mecanum_drive_controller/local_setup.sh
[0.877s] -- Up-to-date: /home/piotr/ros2_ws/install/mecanum_drive_controller/share/mecanum_drive_controller/local_setup.zsh
[0.877s] -- Up-to-date: /home/piotr/ros2_ws/install/mecanum_drive_controller/share/mecanum_drive_controller/local_setup.dsv
[0.877s] -- Installing: /home/piotr/ros2_ws/install/mecanum_drive_controller/share/mecanum_drive_controller/package.dsv
[0.877s] -- Up-to-date: /home/piotr/ros2_ws/install/mecanum_drive_controller/share/ament_index/resource_index/packages/mecanum_drive_controller
[0.877s] -- Up-to-date: /home/piotr/ros2_ws/install/mecanum_drive_controller/share/ament_index/resource_index/controller_interface__pluginlib__plugin/mecanum_drive_controller
[0.877s] -- Up-to-date: /home/piotr/ros2_ws/install/mecanum_drive_controller/share/mecanum_drive_controller/cmake/export_mecanum_drive_controllerExport.cmake
[0.877s] -- Up-to-date: /home/piotr/ros2_ws/install/mecanum_drive_controller/share/mecanum_drive_controller/cmake/export_mecanum_drive_controllerExport-noconfig.cmake
[0.877s] -- Up-to-date: /home/piotr/ros2_ws/install/mecanum_drive_controller/share/mecanum_drive_controller/cmake/ament_cmake_export_dependencies-extras.cmake
[0.877s] -- Up-to-date: /home/piotr/ros2_ws/install/mecanum_drive_controller/share/mecanum_drive_controller/cmake/ament_cmake_export_targets-extras.cmake
[0.877s] -- Up-to-date: /home/piotr/ros2_ws/install/mecanum_drive_controller/share/mecanum_drive_controller/cmake/mecanum_drive_controllerConfig.cmake
[0.877s] -- Up-to-date: /home/piotr/ros2_ws/install/mecanum_drive_controller/share/mecanum_drive_controller/cmake/mecanum_drive_controllerConfig-version.cmake
[0.877s] -- Up-to-date: /home/piotr/ros2_ws/install/mecanum_drive_controller/share/mecanum_drive_controller/package.xml
[0.878s] Invoked command in '/home/piotr/ros2_ws/build/mecanum_drive_controller' returned '0': CMAKE_PREFIX_PATH=${CMAKE_PREFIX_PATH}:/opt/ros/jazzy DEBUGINFOD_URLS=https://debuginfod.ubuntu.com /usr/bin/cmake --install /home/piotr/ros2_ws/build/mecanum_drive_controller
