[0.023s] Invoking command in '/home/piotr/ros2_ws/build/yahboom_rosmaster_bringup': CMAKE_PREFIX_PATH=${CMAKE_PREFIX_PATH}:/opt/ros/jazzy DEBUGINFOD_URLS=https://debuginfod.ubuntu.com /usr/bin/cmake --build /home/piotr/ros2_ws/build/yahboom_rosmaster_bringup -- -j16 -l16
[0.049s] -- Found ament_cmake: 2.5.5 (/opt/ros/jazzy/share/ament_cmake/cmake)
[0.200s] -- Found ament_lint_auto: 0.17.4 (/opt/ros/jazzy/share/ament_lint_auto/cmake)
[0.262s] -- Added test 'flake8' to check Python code syntax and style conventions
[0.262s] -- Configured 'flake8' exclude dirs and/or files: 
[0.262s] -- Added test 'lint_cmake' to check CMake code style
[0.262s] -- Added test 'pep257' to check Python code against some of the docstring style conventions in PEP 257
[0.263s] -- Added test 'xmllint' to check XML markup files
[0.263s] -- Configuring done (0.2s)
[0.266s] -- Generating done (0.0s)
[0.267s] -- Build files have been written to: /home/piotr/ros2_ws/build/yahboom_rosmaster_bringup
[0.286s] Invoked command in '/home/piotr/ros2_ws/build/yahboom_rosmaster_bringup' returned '0': CMAKE_PREFIX_PATH=${CMAKE_PREFIX_PATH}:/opt/ros/jazzy DEBUGINFOD_URLS=https://debuginfod.ubuntu.com /usr/bin/cmake --build /home/piotr/ros2_ws/build/yahboom_rosmaster_bringup -- -j16 -l16
[0.287s] Invoking command in '/home/piotr/ros2_ws/build/yahboom_rosmaster_bringup': CMAKE_PREFIX_PATH=${CMAKE_PREFIX_PATH}:/opt/ros/jazzy DEBUGINFOD_URLS=https://debuginfod.ubuntu.com /usr/bin/cmake --install /home/piotr/ros2_ws/build/yahboom_rosmaster_bringup
[0.295s] -- Install configuration: ""
[0.295s] -- Up-to-date: /home/piotr/ros2_ws/install/yahboom_rosmaster_bringup/share/yahboom_rosmaster_bringup/launch
[0.295s] -- Up-to-date: /home/piotr/ros2_ws/install/yahboom_rosmaster_bringup/share/yahboom_rosmaster_bringup/launch/load_ros2_controllers.launch.py
[0.296s] -- Installing: /home/piotr/ros2_ws/install/yahboom_rosmaster_bringup/share/yahboom_rosmaster_bringup/scripts
[0.296s] -- Installing: /home/piotr/ros2_ws/install/yahboom_rosmaster_bringup/share/yahboom_rosmaster_bringup/scripts/rosmaster_x3_gazebo.sh
[0.296s] -- Up-to-date: /home/piotr/ros2_ws/install/yahboom_rosmaster_bringup/share/ament_index/resource_index/package_run_dependencies/yahboom_rosmaster_bringup
[0.296s] -- Up-to-date: /home/piotr/ros2_ws/install/yahboom_rosmaster_bringup/share/ament_index/resource_index/parent_prefix_path/yahboom_rosmaster_bringup
[0.296s] -- Up-to-date: /home/piotr/ros2_ws/install/yahboom_rosmaster_bringup/share/yahboom_rosmaster_bringup/environment/ament_prefix_path.sh
[0.296s] -- Up-to-date: /home/piotr/ros2_ws/install/yahboom_rosmaster_bringup/share/yahboom_rosmaster_bringup/environment/ament_prefix_path.dsv
[0.296s] -- Up-to-date: /home/piotr/ros2_ws/install/yahboom_rosmaster_bringup/share/yahboom_rosmaster_bringup/environment/path.sh
[0.296s] -- Up-to-date: /home/piotr/ros2_ws/install/yahboom_rosmaster_bringup/share/yahboom_rosmaster_bringup/environment/path.dsv
[0.296s] -- Up-to-date: /home/piotr/ros2_ws/install/yahboom_rosmaster_bringup/share/yahboom_rosmaster_bringup/local_setup.bash
[0.296s] -- Up-to-date: /home/piotr/ros2_ws/install/yahboom_rosmaster_bringup/share/yahboom_rosmaster_bringup/local_setup.sh
[0.296s] -- Up-to-date: /home/piotr/ros2_ws/install/yahboom_rosmaster_bringup/share/yahboom_rosmaster_bringup/local_setup.zsh
[0.296s] -- Up-to-date: /home/piotr/ros2_ws/install/yahboom_rosmaster_bringup/share/yahboom_rosmaster_bringup/local_setup.dsv
[0.296s] -- Installing: /home/piotr/ros2_ws/install/yahboom_rosmaster_bringup/share/yahboom_rosmaster_bringup/package.dsv
[0.297s] -- Up-to-date: /home/piotr/ros2_ws/install/yahboom_rosmaster_bringup/share/ament_index/resource_index/packages/yahboom_rosmaster_bringup
[0.297s] -- Up-to-date: /home/piotr/ros2_ws/install/yahboom_rosmaster_bringup/share/yahboom_rosmaster_bringup/cmake/yahboom_rosmaster_bringupConfig.cmake
[0.297s] -- Up-to-date: /home/piotr/ros2_ws/install/yahboom_rosmaster_bringup/share/yahboom_rosmaster_bringup/cmake/yahboom_rosmaster_bringupConfig-version.cmake
[0.297s] -- Up-to-date: /home/piotr/ros2_ws/install/yahboom_rosmaster_bringup/share/yahboom_rosmaster_bringup/package.xml
[0.304s] Invoked command in '/home/piotr/ros2_ws/build/yahboom_rosmaster_bringup' returned '0': CMAKE_PREFIX_PATH=${CMAKE_PREFIX_PATH}:/opt/ros/jazzy DEBUGINFOD_URLS=https://debuginfod.ubuntu.com /usr/bin/cmake --install /home/piotr/ros2_ws/build/yahboom_rosmaster_bringup
